0:0:0:0:0:0:0:1 - - [27/Sep/2026:15:23:32 -0400] "GET / HTTP/1.1" 200 644 96
0:0:0:0:0:0:0:1 - - [27/Sep/2026:15:23:32 -0400] "GET /manifest.json HTTP/1.1" 200 492 5
0:0:0:0:0:0:0:1 - - [27/Sep/2026:15:23:32 -0400] "GET /static/js/main.608f72d1.js HTTP/1.1" 200 596283 11
0:0:0:0:0:0:0:1 - - [27/Sep/2026:15:23:32 -0400] "GET /static/css/main.fddad1fb.css HTTP/1.1" 200 553330 12
0:0:0:0:0:0:0:1 - - [27/Sep/2026:15:23:32 -0400] "GET /logo192.png HTTP/1.1" 200 5347 3
0:0:0:0:0:0:0:1 - - [27/Sep/2026:15:23:32 -0400] "GET /favicon.ico HTTP/1.1" 200 3870 6
0:0:0:0:0:0:0:1 - - [27/Sep/2026:15:23:58 -0400] "POST /signup HTTP/1.1" 201 - 233
0:0:0:0:0:0:0:1 - - [27/Sep/2026:15:24:20 -0400] "POST /login HTTP/1.1" 401 108 217
0:0:0:0:0:0:0:1 - - [27/Sep/2026:15:25:32 -0400] "POST /login HTTP/1.1" 401 108 87
0:0:0:0:0:0:0:1 - - [27/Sep/2026:15:26:21 -0400] "GET / HTTP/1.1" 200 644 106
0:0:0:0:0:0:0:1 - - [27/Sep/2026:15:26:21 -0400] "GET /manifest.json HTTP/1.1" 200 492 5
0:0:0:0:0:0:0:1 - - [27/Sep/2026:15:26:21 -0400] "GET /static/css/main.fddad1fb.css HTTP/1.1" 200 553330 38
0:0:0:0:0:0:0:1 - - [27/Sep/2026:15:26:21 -0400] "GET /static/js/main.608f72d1.js HTTP/1.1" 200 596283 38
0:0:0:0:0:0:0:1 - - [27/Sep/2026:15:26:21 -0400] "GET /logo192.png HTTP/1.1" 200 5347 4
0:0:0:0:0:0:0:1 - - [27/Sep/2026:15:27:52 -0400] "GET / HTTP/1.1" 200 644 105
0:0:0:0:0:0:0:1 - - [27/Sep/2026:15:27:52 -0400] "GET /manifest.json HTTP/1.1" 200 492 5
0:0:0:0:0:0:0:1 - - [27/Sep/2026:15:27:52 -0400] "GET /static/css/main.fddad1fb.css HTTP/1.1" 200 553330 12
0:0:0:0:0:0:0:1 - - [27/Sep/2026:15:27:52 -0400] "GET /static/js/main.11caac8a.js HTTP/1.1" 200 596277 20
0:0:0:0:0:0:0:1 - - [27/Sep/2026:15:27:52 -0400] "GET /logo192.png HTTP/1.1" 200 5347 4
0:0:0:0:0:0:0:1 - - [27/Sep/2026:15:27:56 -0400] "POST /login HTTP/1.1" 200 - 180
0:0:0:0:0:0:0:1 - - [27/Sep/2026:15:27:56 -0400] "GET /restaurants/menu HTTP/1.1" 200 41470 517
0:0:0:0:0:0:0:1 - - [27/Sep/2026:15:28:10 -0400] "GET /cart HTTP/1.1" 200 59 30
0:0:0:0:0:0:0:1 - - [27/Sep/2026:15:32:53 -0400] "GET / HTTP/1.1" 200 644 128
0:0:0:0:0:0:0:1 - - [27/Sep/2026:15:32:53 -0400] "GET /manifest.json HTTP/1.1" 200 492 5
0:0:0:0:0:0:0:1 - - [27/Sep/2026:15:32:53 -0400] "GET /static/css/main.fddad1fb.css HTTP/1.1" 200 553330 30
0:0:0:0:0:0:0:1 - - [27/Sep/2026:15:32:53 -0400] "GET /static/js/main.11caac8a.js HTTP/1.1" 200 596277 31
0:0:0:0:0:0:0:1 - - [27/Sep/2026:15:32:53 -0400] "GET /logo192.png HTTP/1.1" 200 5347 4
0:0:0:0:0:0:0:1 - - [27/Sep/2026:15:32:57 -0400] "POST /login HTTP/1.1" 200 - 174
0:0:0:0:0:0:0:1 - - [27/Sep/2026:15:32:58 -0400] "GET /restaurants/menu HTTP/1.1" 200 41470 151
0:0:0:0:0:0:0:1 - - [27/Sep/2026:15:33:00 -0400] "GET /restaurant/1/menu HTTP/1.1" 200 4604 30
0:0:0:0:0:0:0:1 - - [27/Sep/2026:15:33:59 -0400] "POST /cart HTTP/1.1" 200 - 121
0:0:0:0:0:0:0:1 - - [27/Sep/2026:15:34:06 -0400] "POST /cart HTTP/1.1" 200 - 28
0:0:0:0:0:0:0:1 - - [27/Sep/2026:15:34:08 -0400] "GET /cart HTTP/1.1" 200 1106 49
0:0:0:0:0:0:0:1 - - [27/Sep/2026:15:34:11 -0400] "POST /cart HTTP/1.1" 200 - 22
0:0:0:0:0:0:0:1 - - [27/Sep/2026:15:34:14 -0400] "POST /cart HTTP/1.1" 200 - 29
0:0:0:0:0:0:0:1 - - [27/Sep/2026:15:34:16 -0400] "POST /cart HTTP/1.1" 200 - 29
0:0:0:0:0:0:0:1 - - [27/Sep/2026:15:34:17 -0400] "GET /cart HTTP/1.1" 200 2727 38
0:0:0:0:0:0:0:1 - - [27/Sep/2026:16:05:40 -0400] "GET / HTTP/1.1" 200 644 103
0:0:0:0:0:0:0:1 - - [27/Sep/2026:16:05:40 -0400] "GET /manifest.json HTTP/1.1" 200 492 5
0:0:0:0:0:0:0:1 - - [27/Sep/2026:16:05:40 -0400] "GET /static/css/main.fddad1fb.css HTTP/1.1" 200 553330 12
0:0:0:0:0:0:0:1 - - [27/Sep/2026:16:05:40 -0400] "GET /static/js/main.11caac8a.js HTTP/1.1" 200 596277 12
0:0:0:0:0:0:0:1 - - [27/Sep/2026:16:05:41 -0400] "GET /logo192.png HTTP/1.1" 200 5347 4
0:0:0:0:0:0:0:1 - - [27/Sep/2026:16:05:44 -0400] "POST /login HTTP/1.1" 200 - 179
0:0:0:0:0:0:0:1 - - [27/Sep/2026:16:05:44 -0400] "GET /restaurants/menu HTTP/1.1" 200 41470 461
0:0:0:0:0:0:0:1 - - [27/Sep/2026:16:05:46 -0400] "GET /restaurant/1/menu HTTP/1.1" 200 4604 33
0:0:0:0:0:0:0:1 - - [27/Sep/2026:16:05:48 -0400] "POST /cart HTTP/1.1" 200 - 152
0:0:0:0:0:0:0:1 - - [27/Sep/2026:16:05:49 -0400] "POST /cart HTTP/1.1" 200 - 30
0:0:0:0:0:0:0:1 - - [27/Sep/2026:16:05:50 -0400] "POST /cart HTTP/1.1" 200 - 28
0:0:0:0:0:0:0:1 - - [27/Sep/2026:16:05:53 -0400] "POST /cart HTTP/1.1" 200 - 20
0:0:0:0:0:0:0:1 - - [27/Sep/2026:16:05:54 -0400] "POST /cart HTTP/1.1" 200 - 16
0:0:0:0:0:0:0:1 - - [27/Sep/2026:16:05:55 -0400] "GET /cart HTTP/1.1" 200 2726 45
0:0:0:0:0:0:0:1 - - [27/Sep/2026:16:08:47 -0400] "POST /cart/checkout HTTP/1.1" 200 - 18
0:0:0:0:0:0:0:1 - - [27/Sep/2026:16:08:48 -0400] "GET /cart HTTP/1.1" 200 59 17
0:0:0:0:0:0:0:1 - - [27/Sep/2026:16:08:53 -0400] "POST /cart HTTP/1.1" 200 - 27
0:0:0:0:0:0:0:1 - - [27/Sep/2026:16:08:54 -0400] "POST /cart HTTP/1.1" 200 - 19
0:0:0:0:0:0:0:1 - - [27/Sep/2026:16:08:57 -0400] "GET /cart HTTP/1.1" 200 1106 23
0:0:0:0:0:0:0:1 - - [27/Sep/2026:16:08:58 -0400] "POST /cart HTTP/1.1" 200 - 26
0:0:0:0:0:0:0:1 - - [27/Sep/2026:16:09:00 -0400] "POST /cart HTTP/1.1" 200 - 27
0:0:0:0:0:0:0:1 - - [27/Sep/2026:16:09:00 -0400] "POST /cart HTTP/1.1" 200 - 16
0:0:0:0:0:0:0:1 - - [27/Sep/2026:16:09:02 -0400] "GET /cart HTTP/1.1" 200 2730 19
0:0:0:0:0:0:0:1 - - [27/Sep/2026:16:09:08 -0400] "POST /cart HTTP/1.1" 200 - 22
0:0:0:0:0:0:0:1 - - [27/Sep/2026:16:09:09 -0400] "GET /cart HTTP/1.1" 200 2730 15
0:0:0:0:0:0:0:1 - - [27/Sep/2026:23:06:03 -0400] "POST /login HTTP/1.1" 200 - 148
0:0:0:0:0:0:0:1 - - [27/Sep/2026:23:06:03 -0400] "POST /cart/checkout HTTP/1.1" 200 - 74
0:0:0:0:0:0:0:1 - - [27/Sep/2026:23:06:04 -0400] "POST /cart HTTP/1.1" 500 116 61
0:0:0:0:0:0:0:1 - - [27/Sep/2026:23:06:04 -0400] "POST /cart HTTP/1.1" 500 116 78
0:0:0:0:0:0:0:1 - - [27/Sep/2026:23:06:04 -0400] "POST /cart HTTP/1.1" 500 116 29
0:0:0:0:0:0:0:1 - - [27/Sep/2026:23:06:04 -0400] "POST /cart HTTP/1.1" 500 116 5
0:0:0:0:0:0:0:1 - - [27/Sep/2026:23:06:04 -0400] "POST /cart HTTP/1.1" 500 116 5
0:0:0:0:0:0:0:1 - - [27/Sep/2026:23:06:04 -0400] "POST /cart HTTP/1.1" 500 116 5
0:0:0:0:0:0:0:1 - - [27/Sep/2026:23:06:04 -0400] "POST /cart HTTP/1.1" 500 116 5
0:0:0:0:0:0:0:1 - - [27/Sep/2026:23:06:04 -0400] "POST /cart HTTP/1.1" 500 116 4
0:0:0:0:0:0:0:1 - - [27/Sep/2026:23:06:04 -0400] "POST /cart HTTP/1.1" 500 116 5
0:0:0:0:0:0:0:1 - - [27/Sep/2026:23:06:04 -0400] "POST /cart HTTP/1.1" 500 116 5
0:0:0:0:0:0:0:1 - - [27/Sep/2026:23:06:04 -0400] "POST /cart HTTP/1.1" 500 116 5
0:0:0:0:0:0:0:1 - - [27/Sep/2026:23:06:04 -0400] "POST /cart HTTP/1.1" 500 116 6
0:0:0:0:0:0:0:1 - - [27/Sep/2026:23:06:04 -0400] "POST /cart HTTP/1.1" 500 116 5
0:0:0:0:0:0:0:1 - - [27/Sep/2026:23:06:04 -0400] "POST /cart HTTP/1.1" 500 116 6
0:0:0:0:0:0:0:1 - - [27/Sep/2026:23:06:04 -0400] "POST /cart HTTP/1.1" 500 116 5
0:0:0:0:0:0:0:1 - - [27/Sep/2026:23:06:04 -0400] "POST /cart HTTP/1.1" 500 116 4
0:0:0:0:0:0:0:1 - - [27/Sep/2026:23:06:04 -0400] "POST /cart HTTP/1.1" 500 116 4
0:0:0:0:0:0:0:1 - - [27/Sep/2026:23:06:05 -0400] "POST /cart HTTP/1.1" 500 116 4
0:0:0:0:0:0:0:1 - - [27/Sep/2026:23:06:05 -0400] "POST /cart HTTP/1.1" 500 116 4
0:0:0:0:0:0:0:1 - - [27/Sep/2026:23:06:05 -0400] "POST /cart HTTP/1.1" 500 116 4
0:0:0:0:0:0:0:1 - - [27/Sep/2026:23:06:05 -0400] "POST /cart HTTP/1.1" 500 116 5
0:0:0:0:0:0:0:1 - - [27/Sep/2026:23:06:05 -0400] "POST /cart HTTP/1.1" 500 116 5
0:0:0:0:0:0:0:1 - - [27/Sep/2026:23:06:05 -0400] "POST /cart HTTP/1.1" 500 116 5
0:0:0:0:0:0:0:1 - - [27/Sep/2026:23:06:05 -0400] "POST /cart HTTP/1.1" 500 116 4
0:0:0:0:0:0:0:1 - - [27/Sep/2026:23:06:05 -0400] "POST /cart HTTP/1.1" 500 116 4
0:0:0:0:0:0:0:1 - - [27/Sep/2026:23:06:05 -0400] "POST /cart HTTP/1.1" 500 116 4
0:0:0:0:0:0:0:1 - - [27/Sep/2026:23:06:05 -0400] "POST /cart HTTP/1.1" 500 116 4
0:0:0:0:0:0:0:1 - - [27/Sep/2026:23:06:05 -0400] "POST /cart HTTP/1.1" 500 116 4
0:0:0:0:0:0:0:1 - - [27/Sep/2026:23:06:05 -0400] "POST /cart HTTP/1.1" 500 116 5
0:0:0:0:0:0:0:1 - - [27/Sep/2026:23:06:05 -0400] "POST /cart HTTP/1.1" 500 116 5
0:0:0:0:0:0:0:1 - - [27/Sep/2026:23:06:05 -0400] "POST /cart HTTP/1.1" 500 116 4
0:0:0:0:0:0:0:1 - - [27/Sep/2026:23:06:05 -0400] "POST /cart HTTP/1.1" 500 116 4
0:0:0:0:0:0:0:1 - - [27/Sep/2026:23:06:05 -0400] "POST /cart HTTP/1.1" 500 116 4
0:0:0:0:0:0:0:1 - - [27/Sep/2026:23:06:05 -0400] "POST /cart HTTP/1.1" 500 116 4
0:0:0:0:0:0:0:1 - - [27/Sep/2026:23:06:05 -0400] "POST /cart HTTP/1.1" 500 116 4
0:0:0:0:0:0:0:1 - - [27/Sep/2026:23:06:05 -0400] "POST /cart HTTP/1.1" 500 116 4
0:0:0:0:0:0:0:1 - - [27/Sep/2026:23:06:05 -0400] "POST /cart HTTP/1.1" 500 116 4
0:0:0:0:0:0:0:1 - - [27/Sep/2026:23:06:05 -0400] "POST /cart HTTP/1.1" 500 116 4
0:0:0:0:0:0:0:1 - - [27/Sep/2026:23:06:05 -0400] "POST /cart HTTP/1.1" 500 116 3
0:0:0:0:0:0:0:1 - - [27/Sep/2026:23:06:05 -0400] "POST /cart HTTP/1.1" 500 116 4
0:0:0:0:0:0:0:1 - - [27/Sep/2026:23:06:05 -0400] "POST /cart HTTP/1.1" 500 116 4
0:0:0:0:0:0:0:1 - - [27/Sep/2026:23:06:05 -0400] "POST /cart HTTP/1.1" 500 116 4
0:0:0:0:0:0:0:1 - - [27/Sep/2026:23:06:05 -0400] "POST /cart HTTP/1.1" 500 116 4
0:0:0:0:0:0:0:1 - - [27/Sep/2026:23:06:05 -0400] "POST /cart HTTP/1.1" 500 116 4
0:0:0:0:0:0:0:1 - - [27/Sep/2026:23:06:05 -0400] "POST /cart HTTP/1.1" 500 116 4
0:0:0:0:0:0:0:1 - - [27/Sep/2026:23:06:05 -0400] "POST /cart HTTP/1.1" 500 116 3
0:0:0:0:0:0:0:1 - - [27/Sep/2026:23:06:05 -0400] "POST /cart HTTP/1.1" 500 116 3
0:0:0:0:0:0:0:1 - - [27/Sep/2026:23:06:05 -0400] "POST /cart HTTP/1.1" 500 116 4
0:0:0:0:0:0:0:1 - - [27/Sep/2026:23:06:05 -0400] "POST /cart HTTP/1.1" 500 116 4
0:0:0:0:0:0:0:1 - - [27/Sep/2026:23:06:06 -0400] "POST /cart HTTP/1.1" 500 116 4
0:0:0:0:0:0:0:1 - - [27/Sep/2026:23:06:06 -0400] "POST /login HTTP/1.1" 200 - 64
0:0:0:0:0:0:0:1 - - [27/Sep/2026:23:06:06 -0400] "POST /cart/checkout HTTP/1.1" 200 - 8
0:0:0:0:0:0:0:1 - - [27/Sep/2026:23:06:07 -0400] "POST /cart HTTP/1.1" 500 116 4
0:0:0:0:0:0:0:1 - - [27/Sep/2026:23:06:07 -0400] "POST /cart HTTP/1.1" 500 116 4
0:0:0:0:0:0:0:1 - - [27/Sep/2026:23:06:07 -0400] "POST /cart HTTP/1.1" 500 116 3
0:0:0:0:0:0:0:1 - - [27/Sep/2026:23:06:07 -0400] "POST /cart HTTP/1.1" 500 116 4
0:0:0:0:0:0:0:1 - - [27/Sep/2026:23:06:07 -0400] "POST /cart HTTP/1.1" 500 116 3
0:0:0:0:0:0:0:1 - - [27/Sep/2026:23:06:07 -0400] "POST /cart HTTP/1.1" 500 116 4
0:0:0:0:0:0:0:1 - - [27/Sep/2026:23:06:07 -0400] "POST /cart HTTP/1.1" 500 116 3
0:0:0:0:0:0:0:1 - - [27/Sep/2026:23:06:07 -0400] "POST /cart HTTP/1.1" 500 116 4
0:0:0:0:0:0:0:1 - - [27/Sep/2026:23:06:07 -0400] "POST /cart HTTP/1.1" 500 116 4
0:0:0:0:0:0:0:1 - - [27/Sep/2026:23:06:07 -0400] "POST /cart HTTP/1.1" 500 116 4
0:0:0:0:0:0:0:1 - - [27/Sep/2026:23:06:07 -0400] "POST /cart HTTP/1.1" 500 116 3
0:0:0:0:0:0:0:1 - - [27/Sep/2026:23:06:07 -0400] "POST /cart HTTP/1.1" 500 116 4
0:0:0:0:0:0:0:1 - - [27/Sep/2026:23:06:07 -0400] "POST /cart HTTP/1.1" 500 116 4
0:0:0:0:0:0:0:1 - - [27/Sep/2026:23:06:07 -0400] "POST /cart HTTP/1.1" 500 116 4
0:0:0:0:0:0:0:1 - - [27/Sep/2026:23:06:07 -0400] "POST /cart HTTP/1.1" 500 116 4
0:0:0:0:0:0:0:1 - - [27/Sep/2026:23:06:07 -0400] "POST /cart HTTP/1.1" 500 116 5
0:0:0:0:0:0:0:1 - - [27/Sep/2026:23:06:07 -0400] "POST /cart HTTP/1.1" 500 116 4
0:0:0:0:0:0:0:1 - - [27/Sep/2026:23:06:07 -0400] "POST /cart HTTP/1.1" 500 116 3
0:0:0:0:0:0:0:1 - - [27/Sep/2026:23:06:07 -0400] "POST /cart HTTP/1.1" 500 116 3
0:0:0:0:0:0:0:1 - - [27/Sep/2026:23:06:07 -0400] "POST /cart HTTP/1.1" 500 116 3
0:0:0:0:0:0:0:1 - - [27/Sep/2026:23:06:07 -0400] "POST /cart HTTP/1.1" 500 116 3
0:0:0:0:0:0:0:1 - - [27/Sep/2026:23:06:07 -0400] "POST /cart HTTP/1.1" 500 116 4
0:0:0:0:0:0:0:1 - - [27/Sep/2026:23:06:07 -0400] "POST /cart HTTP/1.1" 500 116 4
0:0:0:0:0:0:0:1 - - [27/Sep/2026:23:06:07 -0400] "POST /cart HTTP/1.1" 500 116 3
0:0:0:0:0:0:0:1 - - [27/Sep/2026:23:06:08 -0400] "POST /cart HTTP/1.1" 500 116 3
0:0:0:0:0:0:0:1 - - [27/Sep/2026:23:06:08 -0400] "POST /cart HTTP/1.1" 500 116 3
0:0:0:0:0:0:0:1 - - [27/Sep/2026:23:06:08 -0400] "POST /cart HTTP/1.1" 500 116 3
0:0:0:0:0:0:0:1 - - [27/Sep/2026:23:06:08 -0400] "POST /cart HTTP/1.1" 500 116 4
0:0:0:0:0:0:0:1 - - [27/Sep/2026:23:06:08 -0400] "POST /cart HTTP/1.1" 500 116 4
0:0:0:0:0:0:0:1 - - [27/Sep/2026:23:06:08 -0400] "POST /cart HTTP/1.1" 500 116 4
0:0:0:0:0:0:0:1 - - [27/Sep/2026:23:06:08 -0400] "POST /cart HTTP/1.1" 500 116 4
0:0:0:0:0:0:0:1 - - [27/Sep/2026:23:06:08 -0400] "POST /cart HTTP/1.1" 500 116 4
0:0:0:0:0:0:0:1 - - [27/Sep/2026:23:06:08 -0400] "POST /cart HTTP/1.1" 500 116 4
0:0:0:0:0:0:0:1 - - [27/Sep/2026:23:06:08 -0400] "POST /cart HTTP/1.1" 500 116 4
0:0:0:0:0:0:0:1 - - [27/Sep/2026:23:06:08 -0400] "POST /cart HTTP/1.1" 500 116 3
0:0:0:0:0:0:0:1 - - [27/Sep/2026:23:06:08 -0400] "POST /cart HTTP/1.1" 500 116 4
0:0:0:0:0:0:0:1 - - [27/Sep/2026:23:06:08 -0400] "POST /cart HTTP/1.1" 500 116 4
0:0:0:0:0:0:0:1 - - [27/Sep/2026:23:06:08 -0400] "POST /cart HTTP/1.1" 500 116 3
0:0:0:0:0:0:0:1 - - [27/Sep/2026:23:06:08 -0400] "POST /cart HTTP/1.1" 500 116 3
0:0:0:0:0:0:0:1 - - [27/Sep/2026:23:06:08 -0400] "POST /cart HTTP/1.1" 500 116 3
0:0:0:0:0:0:0:1 - - [27/Sep/2026:23:06:08 -0400] "POST /cart HTTP/1.1" 500 116 3
0:0:0:0:0:0:0:1 - - [27/Sep/2026:23:06:08 -0400] "POST /cart HTTP/1.1" 500 116 4
0:0:0:0:0:0:0:1 - - [27/Sep/2026:23:06:08 -0400] "POST /cart HTTP/1.1" 500 116 4
0:0:0:0:0:0:0:1 - - [27/Sep/2026:23:06:08 -0400] "POST /cart HTTP/1.1" 500 116 3
0:0:0:0:0:0:0:1 - - [27/Sep/2026:23:06:08 -0400] "POST /cart HTTP/1.1" 500 116 3
0:0:0:0:0:0:0:1 - - [27/Sep/2026:23:06:08 -0400] "POST /cart HTTP/1.1" 500 116 3
0:0:0:0:0:0:0:1 - - [27/Sep/2026:23:06:08 -0400] "POST /cart HTTP/1.1" 500 116 3
0:0:0:0:0:0:0:1 - - [27/Sep/2026:23:06:08 -0400] "POST /cart HTTP/1.1" 500 116 3
0:0:0:0:0:0:0:1 - - [27/Sep/2026:23:06:08 -0400] "POST /cart HTTP/1.1" 500 116 3
0:0:0:0:0:0:0:1 - - [27/Sep/2026:23:06:08 -0400] "POST /cart HTTP/1.1" 500 116 4
0:0:0:0:0:0:0:1 - - [27/Sep/2026:23:06:09 -0400] "POST /login HTTP/1.1" 200 - 64
0:0:0:0:0:0:0:1 - - [27/Sep/2026:23:06:09 -0400] "POST /cart/checkout HTTP/1.1" 200 - 7
0:0:0:0:0:0:0:1 - - [27/Sep/2026:23:06:09 -0400] "POST /cart HTTP/1.1" 500 116 3
0:0:0:0:0:0:0:1 - - [27/Sep/2026:23:06:09 -0400] "POST /cart HTTP/1.1" 500 116 3
0:0:0:0:0:0:0:1 - - [27/Sep/2026:23:06:09 -0400] "POST /cart HTTP/1.1" 500 116 3
0:0:0:0:0:0:0:1 - - [27/Sep/2026:23:06:09 -0400] "POST /cart HTTP/1.1" 500 116 3
0:0:0:0:0:0:0:1 - - [27/Sep/2026:23:06:09 -0400] "POST /cart HTTP/1.1" 500 116 3
0:0:0:0:0:0:0:1 - - [27/Sep/2026:23:06:10 -0400] "POST /cart HTTP/1.1" 500 116 4
0:0:0:0:0:0:0:1 - - [27/Sep/2026:23:06:10 -0400] "POST /cart HTTP/1.1" 500 116 3
0:0:0:0:0:0:0:1 - - [27/Sep/2026:23:06:10 -0400] "POST /cart HTTP/1.1" 500 116 3
0:0:0:0:0:0:0:1 - - [27/Sep/2026:23:06:10 -0400] "POST /cart HTTP/1.1" 500 116 4
0:0:0:0:0:0:0:1 - - [27/Sep/2026:23:06:10 -0400] "POST /cart HTTP/1.1" 500 116 4
0:0:0:0:0:0:0:1 - - [27/Sep/2026:23:06:10 -0400] "POST /cart HTTP/1.1" 500 116 3
0:0:0:0:0:0:0:1 - - [27/Sep/2026:23:06:10 -0400] "POST /cart HTTP/1.1" 500 116 3
0:0:0:0:0:0:0:1 - - [27/Sep/2026:23:06:10 -0400] "POST /cart HTTP/1.1" 500 116 3
0:0:0:0:0:0:0:1 - - [27/Sep/2026:23:06:10 -0400] "POST /cart HTTP/1.1" 500 116 3
0:0:0:0:0:0:0:1 - - [27/Sep/2026:23:06:10 -0400] "POST /cart HTTP/1.1" 500 116 4
0:0:0:0:0:0:0:1 - - [27/Sep/2026:23:06:10 -0400] "POST /cart HTTP/1.1" 500 116 3
0:0:0:0:0:0:0:1 - - [27/Sep/2026:23:06:10 -0400] "POST /cart HTTP/1.1" 500 116 3
0:0:0:0:0:0:0:1 - - [27/Sep/2026:23:06:10 -0400] "POST /cart HTTP/1.1" 500 116 4
0:0:0:0:0:0:0:1 - - [27/Sep/2026:23:06:10 -0400] "POST /cart HTTP/1.1" 500 116 3
0:0:0:0:0:0:0:1 - - [27/Sep/2026:23:06:10 -0400] "POST /cart HTTP/1.1" 500 116 3
0:0:0:0:0:0:0:1 - - [27/Sep/2026:23:06:10 -0400] "POST /cart HTTP/1.1" 500 116 4
0:0:0:0:0:0:0:1 - - [27/Sep/2026:23:06:10 -0400] "POST /cart HTTP/1.1" 500 116 4
0:0:0:0:0:0:0:1 - - [27/Sep/2026:23:06:10 -0400] "POST /cart HTTP/1.1" 500 116 3
0:0:0:0:0:0:0:1 - - [27/Sep/2026:23:06:10 -0400] "POST /cart HTTP/1.1" 500 116 4
0:0:0:0:0:0:0:1 - - [27/Sep/2026:23:06:10 -0400] "POST /cart HTTP/1.1" 500 116 4
0:0:0:0:0:0:0:1 - - [27/Sep/2026:23:06:10 -0400] "POST /cart HTTP/1.1" 500 116 4
0:0:0:0:0:0:0:1 - - [27/Sep/2026:23:06:10 -0400] "POST /cart HTTP/1.1" 500 116 4
0:0:0:0:0:0:0:1 - - [27/Sep/2026:23:06:10 -0400] "POST /cart HTTP/1.1" 500 116 4
0:0:0:0:0:0:0:1 - - [27/Sep/2026:23:06:10 -0400] "POST /cart HTTP/1.1" 500 116 3
0:0:0:0:0:0:0:1 - - [27/Sep/2026:23:06:10 -0400] "POST /cart HTTP/1.1" 500 116 3
0:0:0:0:0:0:0:1 - - [27/Sep/2026:23:06:10 -0400] "POST /cart HTTP/1.1" 500 116 3
0:0:0:0:0:0:0:1 - - [27/Sep/2026:23:06:10 -0400] "POST /cart HTTP/1.1" 500 116 3
0:0:0:0:0:0:0:1 - - [27/Sep/2026:23:06:10 -0400] "POST /cart HTTP/1.1" 500 116 3
0:0:0:0:0:0:0:1 - - [27/Sep/2026:23:06:10 -0400] "POST /cart HTTP/1.1" 500 116 3
0:0:0:0:0:0:0:1 - - [27/Sep/2026:23:06:10 -0400] "POST /cart HTTP/1.1" 500 116 3
0:0:0:0:0:0:0:1 - - [27/Sep/2026:23:06:10 -0400] "POST /cart HTTP/1.1" 500 116 3
0:0:0:0:0:0:0:1 - - [27/Sep/2026:23:06:10 -0400] "POST /cart HTTP/1.1" 500 116 3
0:0:0:0:0:0:0:1 - - [27/Sep/2026:23:06:10 -0400] "POST /cart HTTP/1.1" 500 116 3
0:0:0:0:0:0:0:1 - - [27/Sep/2026:23:06:10 -0400] "POST /cart HTTP/1.1" 500 116 3
0:0:0:0:0:0:0:1 - - [27/Sep/2026:23:06:11 -0400] "POST /cart HTTP/1.1" 500 116 3
0:0:0:0:0:0:0:1 - - [27/Sep/2026:23:06:11 -0400] "POST /cart HTTP/1.1" 500 116 3
0:0:0:0:0:0:0:1 - - [27/Sep/2026:23:06:11 -0400] "POST /cart HTTP/1.1" 500 116 3
0:0:0:0:0:0:0:1 - - [27/Sep/2026:23:06:11 -0400] "POST /cart HTTP/1.1" 500 116 3
0:0:0:0:0:0:0:1 - - [27/Sep/2026:23:06:11 -0400] "POST /cart HTTP/1.1" 500 116 3
0:0:0:0:0:0:0:1 - - [27/Sep/2026:23:06:11 -0400] "POST /cart HTTP/1.1" 500 116 3
0:0:0:0:0:0:0:1 - - [27/Sep/2026:23:06:11 -0400] "POST /cart HTTP/1.1" 500 116 3
0:0:0:0:0:0:0:1 - - [27/Sep/2026:23:06:11 -0400] "POST /cart HTTP/1.1" 500 116 3
0:0:0:0:0:0:0:1 - - [27/Sep/2026:23:06:11 -0400] "POST /cart HTTP/1.1" 500 116 3
0:0:0:0:0:0:0:1 - - [27/Sep/2026:23:06:11 -0400] "POST /cart HTTP/1.1" 500 116 3
0:0:0:0:0:0:0:1 - - [27/Sep/2026:23:06:11 -0400] "POST /cart HTTP/1.1" 500 116 3
0:0:0:0:0:0:0:1 - - [27/Sep/2026:23:06:46 -0400] "POST /cart HTTP/1.1" 500 116 4
0:0:0:0:0:0:0:1 - - [27/Sep/2026:23:06:55 -0400] "GET /cart HTTP/1.1" 200 59 26
0:0:0:0:0:0:0:1 - - [27/Sep/2026:23:06:55 -0400] "POST /cart/checkout HTTP/1.1" 200 - 8
0:0:0:0:0:0:0:1 - - [27/Sep/2026:23:09:06 -0400] "POST /login HTTP/1.1" 200 - 147
0:0:0:0:0:0:0:1 - - [27/Sep/2026:23:09:06 -0400] "POST /cart/checkout HTTP/1.1" 200 - 62
0:0:0:0:0:0:0:1 - - [27/Sep/2026:23:09:07 -0400] "POST /cart HTTP/1.1" 200 - 75
0:0:0:0:0:0:0:1 - - [27/Sep/2026:23:09:07 -0400] "POST /cart HTTP/1.1" 200 - 47
0:0:0:0:0:0:0:1 - - [27/Sep/2026:23:09:07 -0400] "POST /cart HTTP/1.1" 200 - 20
0:0:0:0:0:0:0:1 - - [27/Sep/2026:23:09:07 -0400] "POST /cart HTTP/1.1" 500 116 29
0:0:0:0:0:0:0:1 - - [27/Sep/2026:23:09:07 -0400] "POST /cart HTTP/1.1" 500 116 9
0:0:0:0:0:0:0:1 - - [27/Sep/2026:23:09:07 -0400] "POST /cart HTTP/1.1" 500 116 8
0:0:0:0:0:0:0:1 - - [27/Sep/2026:23:09:07 -0400] "POST /cart HTTP/1.1" 500 116 9
0:0:0:0:0:0:0:1 - - [27/Sep/2026:23:09:07 -0400] "POST /cart HTTP/1.1" 500 116 9
0:0:0:0:0:0:0:1 - - [27/Sep/2026:23:09:07 -0400] "POST /cart HTTP/1.1" 500 116 11
0:0:0:0:0:0:0:1 - - [27/Sep/2026:23:09:07 -0400] "POST /cart HTTP/1.1" 500 116 9
0:0:0:0:0:0:0:1 - - [27/Sep/2026:23:09:07 -0400] "POST /cart HTTP/1.1" 500 116 9
0:0:0:0:0:0:0:1 - - [27/Sep/2026:23:09:07 -0400] "POST /cart HTTP/1.1" 500 116 8
0:0:0:0:0:0:0:1 - - [27/Sep/2026:23:09:07 -0400] "POST /cart HTTP/1.1" 500 116 8
0:0:0:0:0:0:0:1 - - [27/Sep/2026:23:09:07 -0400] "POST /cart HTTP/1.1" 500 116 8
0:0:0:0:0:0:0:1 - - [27/Sep/2026:23:09:07 -0400] "POST /cart HTTP/1.1" 500 116 9
0:0:0:0:0:0:0:1 - - [27/Sep/2026:23:09:07 -0400] "POST /cart HTTP/1.1" 500 116 9
0:0:0:0:0:0:0:1 - - [27/Sep/2026:23:09:07 -0400] "POST /cart HTTP/1.1" 500 116 9
0:0:0:0:0:0:0:1 - - [27/Sep/2026:23:09:07 -0400] "POST /cart HTTP/1.1" 500 116 7
0:0:0:0:0:0:0:1 - - [27/Sep/2026:23:09:07 -0400] "POST /cart HTTP/1.1" 500 116 8
0:0:0:0:0:0:0:1 - - [27/Sep/2026:23:09:07 -0400] "POST /cart HTTP/1.1" 500 116 8
0:0:0:0:0:0:0:1 - - [27/Sep/2026:23:09:07 -0400] "POST /cart HTTP/1.1" 500 116 7
0:0:0:0:0:0:0:1 - - [27/Sep/2026:23:09:07 -0400] "POST /cart HTTP/1.1" 500 116 7
0:0:0:0:0:0:0:1 - - [27/Sep/2026:23:09:07 -0400] "POST /cart HTTP/1.1" 500 116 9
0:0:0:0:0:0:0:1 - - [27/Sep/2026:23:09:07 -0400] "POST /cart HTTP/1.1" 500 116 7
0:0:0:0:0:0:0:1 - - [27/Sep/2026:23:09:07 -0400] "POST /cart HTTP/1.1" 500 116 8
0:0:0:0:0:0:0:1 - - [27/Sep/2026:23:09:07 -0400] "POST /cart HTTP/1.1" 500 116 8
0:0:0:0:0:0:0:1 - - [27/Sep/2026:23:09:08 -0400] "POST /cart HTTP/1.1" 500 116 8
0:0:0:0:0:0:0:1 - - [27/Sep/2026:23:09:08 -0400] "POST /cart HTTP/1.1" 500 116 8
0:0:0:0:0:0:0:1 - - [27/Sep/2026:23:09:08 -0400] "POST /cart HTTP/1.1" 500 116 8
0:0:0:0:0:0:0:1 - - [27/Sep/2026:23:09:08 -0400] "POST /cart HTTP/1.1" 500 116 8
0:0:0:0:0:0:0:1 - - [27/Sep/2026:23:09:08 -0400] "POST /cart HTTP/1.1" 500 116 7
0:0:0:0:0:0:0:1 - - [27/Sep/2026:23:09:08 -0400] "POST /cart HTTP/1.1" 500 116 7
0:0:0:0:0:0:0:1 - - [27/Sep/2026:23:09:08 -0400] "POST /cart HTTP/1.1" 500 116 7
0:0:0:0:0:0:0:1 - - [27/Sep/2026:23:09:08 -0400] "POST /cart HTTP/1.1" 500 116 6
0:0:0:0:0:0:0:1 - - [27/Sep/2026:23:09:08 -0400] "POST /cart HTTP/1.1" 500 116 8
0:0:0:0:0:0:0:1 - - [27/Sep/2026:23:09:08 -0400] "POST /cart HTTP/1.1" 500 116 8
0:0:0:0:0:0:0:1 - - [27/Sep/2026:23:09:08 -0400] "POST /cart HTTP/1.1" 500 116 8
0:0:0:0:0:0:0:1 - - [27/Sep/2026:23:09:08 -0400] "POST /cart HTTP/1.1" 500 116 6
0:0:0:0:0:0:0:1 - - [27/Sep/2026:23:09:08 -0400] "POST /cart HTTP/1.1" 500 116 7
0:0:0:0:0:0:0:1 - - [27/Sep/2026:23:09:08 -0400] "POST /cart HTTP/1.1" 500 116 6
0:0:0:0:0:0:0:1 - - [27/Sep/2026:23:09:08 -0400] "POST /cart HTTP/1.1" 500 116 7
0:0:0:0:0:0:0:1 - - [27/Sep/2026:23:09:08 -0400] "POST /cart HTTP/1.1" 500 116 8
0:0:0:0:0:0:0:1 - - [27/Sep/2026:23:09:08 -0400] "POST /cart HTTP/1.1" 500 116 9
0:0:0:0:0:0:0:1 - - [27/Sep/2026:23:09:08 -0400] "POST /cart HTTP/1.1" 500 116 7
0:0:0:0:0:0:0:1 - - [27/Sep/2026:23:09:08 -0400] "POST /cart HTTP/1.1" 500 116 7
0:0:0:0:0:0:0:1 - - [27/Sep/2026:23:09:08 -0400] "POST /cart HTTP/1.1" 500 116 7
0:0:0:0:0:0:0:1 - - [27/Sep/2026:23:09:08 -0400] "POST /cart HTTP/1.1" 500 116 7
0:0:0:0:0:0:0:1 - - [27/Sep/2026:23:09:08 -0400] "POST /cart HTTP/1.1" 500 116 7
0:0:0:0:0:0:0:1 - - [27/Sep/2026:23:09:08 -0400] "POST /cart HTTP/1.1" 500 116 7
0:0:0:0:0:0:0:1 - - [27/Sep/2026:23:09:08 -0400] "POST /cart HTTP/1.1" 500 116 8
0:0:0:0:0:0:0:1 - - [27/Sep/2026:23:09:09 -0400] "POST /login HTTP/1.1" 200 - 63
0:0:0:0:0:0:0:1 - - [27/Sep/2026:23:09:09 -0400] "POST /cart/checkout HTTP/1.1" 200 - 7
0:0:0:0:0:0:0:1 - - [27/Sep/2026:23:09:09 -0400] "POST /cart HTTP/1.1" 200 - 10
0:0:0:0:0:0:0:1 - - [27/Sep/2026:23:09:09 -0400] "POST /cart HTTP/1.1" 200 - 12
0:0:0:0:0:0:0:1 - - [27/Sep/2026:23:09:09 -0400] "POST /cart HTTP/1.1" 200 - 9
0:0:0:0:0:0:0:1 - - [27/Sep/2026:23:09:09 -0400] "POST /cart HTTP/1.1" 200 - 9
0:0:0:0:0:0:0:1 - - [27/Sep/2026:23:09:09 -0400] "POST /cart HTTP/1.1" 200 - 9
0:0:0:0:0:0:0:1 - - [27/Sep/2026:23:09:09 -0400] "POST /cart HTTP/1.1" 200 - 8
0:0:0:0:0:0:0:1 - - [27/Sep/2026:23:09:09 -0400] "POST /cart HTTP/1.1" 200 - 9
0:0:0:0:0:0:0:1 - - [27/Sep/2026:23:09:10 -0400] "POST /cart HTTP/1.1" 200 - 11
0:0:0:0:0:0:0:1 - - [27/Sep/2026:23:09:10 -0400] "POST /cart HTTP/1.1" 200 - 9
0:0:0:0:0:0:0:1 - - [27/Sep/2026:23:09:10 -0400] "POST /cart HTTP/1.1" 200 - 8
0:0:0:0:0:0:0:1 - - [27/Sep/2026:23:09:10 -0400] "POST /cart HTTP/1.1" 200 - 9
0:0:0:0:0:0:0:1 - - [27/Sep/2026:23:09:10 -0400] "POST /cart HTTP/1.1" 200 - 9
0:0:0:0:0:0:0:1 - - [27/Sep/2026:23:09:10 -0400] "POST /cart HTTP/1.1" 200 - 10
0:0:0:0:0:0:0:1 - - [27/Sep/2026:23:09:10 -0400] "POST /cart HTTP/1.1" 200 - 13
0:0:0:0:0:0:0:1 - - [27/Sep/2026:23:09:10 -0400] "POST /cart HTTP/1.1" 200 - 8
0:0:0:0:0:0:0:1 - - [27/Sep/2026:23:09:10 -0400] "POST /cart HTTP/1.1" 200 - 8
0:0:0:0:0:0:0:1 - - [27/Sep/2026:23:09:10 -0400] "POST /cart HTTP/1.1" 200 - 8
0:0:0:0:0:0:0:1 - - [27/Sep/2026:23:09:10 -0400] "POST /cart HTTP/1.1" 200 - 8
0:0:0:0:0:0:0:1 - - [27/Sep/2026:23:09:10 -0400] "POST /cart HTTP/1.1" 200 - 8
0:0:0:0:0:0:0:1 - - [27/Sep/2026:23:09:10 -0400] "POST /cart HTTP/1.1" 200 - 8
0:0:0:0:0:0:0:1 - - [27/Sep/2026:23:09:10 -0400] "POST /cart HTTP/1.1" 200 - 8
0:0:0:0:0:0:0:1 - - [27/Sep/2026:23:09:10 -0400] "POST /cart HTTP/1.1" 200 - 11
0:0:0:0:0:0:0:1 - - [27/Sep/2026:23:09:10 -0400] "POST /cart HTTP/1.1" 200 - 10
0:0:0:0:0:0:0:1 - - [27/Sep/2026:23:09:10 -0400] "POST /cart HTTP/1.1" 200 - 9
0:0:0:0:0:0:0:1 - - [27/Sep/2026:23:09:10 -0400] "POST /cart HTTP/1.1" 200 - 9
0:0:0:0:0:0:0:1 - - [27/Sep/2026:23:09:10 -0400] "POST /cart HTTP/1.1" 200 - 8
0:0:0:0:0:0:0:1 - - [27/Sep/2026:23:09:10 -0400] "POST /cart HTTP/1.1" 200 - 10
0:0:0:0:0:0:0:1 - - [27/Sep/2026:23:09:10 -0400] "POST /cart HTTP/1.1" 200 - 10
0:0:0:0:0:0:0:1 - - [27/Sep/2026:23:09:10 -0400] "POST /cart HTTP/1.1" 200 - 8
0:0:0:0:0:0:0:1 - - [27/Sep/2026:23:09:10 -0400] "POST /cart HTTP/1.1" 200 - 9
0:0:0:0:0:0:0:1 - - [27/Sep/2026:23:09:10 -0400] "POST /cart HTTP/1.1" 200 - 9
0:0:0:0:0:0:0:1 - - [27/Sep/2026:23:09:10 -0400] "POST /cart HTTP/1.1" 200 - 8
0:0:0:0:0:0:0:1 - - [27/Sep/2026:23:09:10 -0400] "POST /cart HTTP/1.1" 200 - 8
0:0:0:0:0:0:0:1 - - [27/Sep/2026:23:09:10 -0400] "POST /cart HTTP/1.1" 200 - 9
0:0:0:0:0:0:0:1 - - [27/Sep/2026:23:09:10 -0400] "POST /cart HTTP/1.1" 200 - 8
0:0:0:0:0:0:0:1 - - [27/Sep/2026:23:09:10 -0400] "POST /cart HTTP/1.1" 200 - 8
0:0:0:0:0:0:0:1 - - [27/Sep/2026:23:09:10 -0400] "POST /cart HTTP/1.1" 200 - 8
0:0:0:0:0:0:0:1 - - [27/Sep/2026:23:09:10 -0400] "POST /cart HTTP/1.1" 200 - 8
0:0:0:0:0:0:0:1 - - [27/Sep/2026:23:09:10 -0400] "POST /cart HTTP/1.1" 200 - 7
0:0:0:0:0:0:0:1 - - [27/Sep/2026:23:09:10 -0400] "POST /cart HTTP/1.1" 200 - 7
0:0:0:0:0:0:0:1 - - [27/Sep/2026:23:09:10 -0400] "POST /cart HTTP/1.1" 200 - 8
0:0:0:0:0:0:0:1 - - [27/Sep/2026:23:09:11 -0400] "POST /cart HTTP/1.1" 200 - 7
0:0:0:0:0:0:0:1 - - [27/Sep/2026:23:09:11 -0400] "POST /cart HTTP/1.1" 200 - 7
0:0:0:0:0:0:0:1 - - [27/Sep/2026:23:09:11 -0400] "POST /cart HTTP/1.1" 200 - 9
0:0:0:0:0:0:0:1 - - [27/Sep/2026:23:09:11 -0400] "POST /cart HTTP/1.1" 200 - 8
0:0:0:0:0:0:0:1 - - [27/Sep/2026:23:09:11 -0400] "POST /cart HTTP/1.1" 200 - 8
0:0:0:0:0:0:0:1 - - [27/Sep/2026:23:09:11 -0400] "POST /cart HTTP/1.1" 200 - 8
0:0:0:0:0:0:0:1 - - [27/Sep/2026:23:09:11 -0400] "POST /cart HTTP/1.1" 200 - 8
0:0:0:0:0:0:0:1 - - [27/Sep/2026:23:09:11 -0400] "POST /cart HTTP/1.1" 200 - 7
0:0:0:0:0:0:0:1 - - [27/Sep/2026:23:09:11 -0400] "POST /cart HTTP/1.1" 200 - 7
0:0:0:0:0:0:0:1 - - [27/Sep/2026:23:09:11 -0400] "POST /login HTTP/1.1" 200 - 64
0:0:0:0:0:0:0:1 - - [27/Sep/2026:23:09:11 -0400] "POST /cart/checkout HTTP/1.1" 200 - 5
0:0:0:0:0:0:0:1 - - [27/Sep/2026:23:09:12 -0400] "POST /cart HTTP/1.1" 200 - 8
0:0:0:0:0:0:0:1 - - [27/Sep/2026:23:09:12 -0400] "POST /cart HTTP/1.1" 200 - 8
0:0:0:0:0:0:0:1 - - [27/Sep/2026:23:09:12 -0400] "POST /cart HTTP/1.1" 200 - 8
0:0:0:0:0:0:0:1 - - [27/Sep/2026:23:09:12 -0400] "POST /cart HTTP/1.1" 200 - 8
0:0:0:0:0:0:0:1 - - [27/Sep/2026:23:09:12 -0400] "POST /cart HTTP/1.1" 200 - 8
0:0:0:0:0:0:0:1 - - [27/Sep/2026:23:09:12 -0400] "POST /cart HTTP/1.1" 200 - 8
0:0:0:0:0:0:0:1 - - [27/Sep/2026:23:09:12 -0400] "POST /cart HTTP/1.1" 200 - 9
0:0:0:0:0:0:0:1 - - [27/Sep/2026:23:09:12 -0400] "POST /cart HTTP/1.1" 200 - 8
0:0:0:0:0:0:0:1 - - [27/Sep/2026:23:09:12 -0400] "POST /cart HTTP/1.1" 200 - 8
0:0:0:0:0:0:0:1 - - [27/Sep/2026:23:09:12 -0400] "POST /cart HTTP/1.1" 200 - 8
0:0:0:0:0:0:0:1 - - [27/Sep/2026:23:09:12 -0400] "POST /cart HTTP/1.1" 200 - 7
0:0:0:0:0:0:0:1 - - [27/Sep/2026:23:09:12 -0400] "POST /cart HTTP/1.1" 200 - 7
0:0:0:0:0:0:0:1 - - [27/Sep/2026:23:09:12 -0400] "POST /cart HTTP/1.1" 200 - 7
0:0:0:0:0:0:0:1 - - [27/Sep/2026:23:09:12 -0400] "POST /cart HTTP/1.1" 200 - 7
0:0:0:0:0:0:0:1 - - [27/Sep/2026:23:09:12 -0400] "POST /cart HTTP/1.1" 200 - 7
0:0:0:0:0:0:0:1 - - [27/Sep/2026:23:09:12 -0400] "POST /cart HTTP/1.1" 200 - 14
0:0:0:0:0:0:0:1 - - [27/Sep/2026:23:09:12 -0400] "POST /cart HTTP/1.1" 200 - 7
0:0:0:0:0:0:0:1 - - [27/Sep/2026:23:09:12 -0400] "POST /cart HTTP/1.1" 200 - 8
0:0:0:0:0:0:0:1 - - [27/Sep/2026:23:09:12 -0400] "POST /cart HTTP/1.1" 200 - 7
0:0:0:0:0:0:0:1 - - [27/Sep/2026:23:09:12 -0400] "POST /cart HTTP/1.1" 200 - 7
0:0:0:0:0:0:0:1 - - [27/Sep/2026:23:09:12 -0400] "POST /cart HTTP/1.1" 200 - 9
0:0:0:0:0:0:0:1 - - [27/Sep/2026:23:09:12 -0400] "POST /cart HTTP/1.1" 200 - 7
0:0:0:0:0:0:0:1 - - [27/Sep/2026:23:09:12 -0400] "POST /cart HTTP/1.1" 200 - 8
0:0:0:0:0:0:0:1 - - [27/Sep/2026:23:09:12 -0400] "POST /cart HTTP/1.1" 200 - 8
0:0:0:0:0:0:0:1 - - [27/Sep/2026:23:09:13 -0400] "POST /cart HTTP/1.1" 200 - 9
0:0:0:0:0:0:0:1 - - [27/Sep/2026:23:09:13 -0400] "POST /cart HTTP/1.1" 200 - 7
0:0:0:0:0:0:0:1 - - [27/Sep/2026:23:09:13 -0400] "POST /cart HTTP/1.1" 200 - 7
0:0:0:0:0:0:0:1 - - [27/Sep/2026:23:09:13 -0400] "POST /cart HTTP/1.1" 200 - 7
0:0:0:0:0:0:0:1 - - [27/Sep/2026:23:09:13 -0400] "POST /cart HTTP/1.1" 200 - 8
0:0:0:0:0:0:0:1 - - [27/Sep/2026:23:09:13 -0400] "POST /cart HTTP/1.1" 200 - 7
0:0:0:0:0:0:0:1 - - [27/Sep/2026:23:09:13 -0400] "POST /cart HTTP/1.1" 200 - 7
0:0:0:0:0:0:0:1 - - [27/Sep/2026:23:09:13 -0400] "POST /cart HTTP/1.1" 200 - 8
0:0:0:0:0:0:0:1 - - [27/Sep/2026:23:09:13 -0400] "POST /cart HTTP/1.1" 200 - 8
0:0:0:0:0:0:0:1 - - [27/Sep/2026:23:09:13 -0400] "POST /cart HTTP/1.1" 200 - 9
0:0:0:0:0:0:0:1 - - [27/Sep/2026:23:09:13 -0400] "POST /cart HTTP/1.1" 200 - 7
0:0:0:0:0:0:0:1 - - [27/Sep/2026:23:09:13 -0400] "POST /cart HTTP/1.1" 200 - 7
0:0:0:0:0:0:0:1 - - [27/Sep/2026:23:09:13 -0400] "POST /cart HTTP/1.1" 200 - 6
0:0:0:0:0:0:0:1 - - [27/Sep/2026:23:09:13 -0400] "POST /cart HTTP/1.1" 200 - 6
0:0:0:0:0:0:0:1 - - [27/Sep/2026:23:09:13 -0400] "POST /cart HTTP/1.1" 200 - 8
0:0:0:0:0:0:0:1 - - [27/Sep/2026:23:09:13 -0400] "POST /cart HTTP/1.1" 200 - 7
0:0:0:0:0:0:0:1 - - [27/Sep/2026:23:09:13 -0400] "POST /cart HTTP/1.1" 200 - 8
0:0:0:0:0:0:0:1 - - [27/Sep/2026:23:09:13 -0400] "POST /cart HTTP/1.1" 200 - 7
0:0:0:0:0:0:0:1 - - [27/Sep/2026:23:09:13 -0400] "POST /cart HTTP/1.1" 200 - 7
0:0:0:0:0:0:0:1 - - [27/Sep/2026:23:09:13 -0400] "POST /cart HTTP/1.1" 200 - 7
0:0:0:0:0:0:0:1 - - [27/Sep/2026:23:09:13 -0400] "POST /cart HTTP/1.1" 200 - 8
0:0:0:0:0:0:0:1 - - [27/Sep/2026:23:09:13 -0400] "POST /cart HTTP/1.1" 200 - 6
0:0:0:0:0:0:0:1 - - [27/Sep/2026:23:09:13 -0400] "POST /cart HTTP/1.1" 200 - 7
0:0:0:0:0:0:0:1 - - [27/Sep/2026:23:09:13 -0400] "POST /cart HTTP/1.1" 200 - 7
0:0:0:0:0:0:0:1 - - [27/Sep/2026:23:09:13 -0400] "POST /cart HTTP/1.1" 200 - 7
0:0:0:0:0:0:0:1 - - [27/Sep/2026:23:09:13 -0400] "POST /cart HTTP/1.1" 200 - 8
0:0:0:0:0:0:0:1 - - [27/Sep/2026:23:10:10 -0400] "POST /cart HTTP/1.1" 200 - 10
0:0:0:0:0:0:0:1 - - [27/Sep/2026:23:10:10 -0400] "POST /cart HTTP/1.1" 200 - 7
0:0:0:0:0:0:0:1 - - [27/Sep/2026:23:10:10 -0400] "POST /cart HTTP/1.1" 200 - 7
0:0:0:0:0:0:0:1 - - [27/Sep/2026:23:10:10 -0400] "POST /cart HTTP/1.1" 200 - 7
0:0:0:0:0:0:0:1 - - [27/Sep/2026:23:10:10 -0400] "POST /cart HTTP/1.1" 200 - 6
0:0:0:0:0:0:0:1 - - [27/Sep/2026:23:10:10 -0400] "POST /cart HTTP/1.1" 200 - 7
0:0:0:0:0:0:0:1 - - [27/Sep/2026:23:10:10 -0400] "POST /cart HTTP/1.1" 200 - 8
0:0:0:0:0:0:0:1 - - [27/Sep/2026:23:10:10 -0400] "POST /cart HTTP/1.1" 200 - 6
0:0:0:0:0:0:0:1 - - [27/Sep/2026:23:10:10 -0400] "POST /cart HTTP/1.1" 200 - 6
0:0:0:0:0:0:0:1 - - [27/Sep/2026:23:10:10 -0400] "POST /cart HTTP/1.1" 200 - 7
0:0:0:0:0:0:0:1 - - [27/Sep/2026:23:10:10 -0400] "POST /cart/checkout HTTP/1.1" 200 - 6
0:0:0:0:0:0:0:1 - - [27/Sep/2026:23:10:21 -0400] "POST /cart/checkout HTTP/1.1" 200 - 6
0:0:0:0:0:0:0:1 - - [27/Sep/2026:23:10:21 -0400] "POST /cart?n=5 HTTP/1.1" 200 - 19
0:0:0:0:0:0:0:1 - - [27/Sep/2026:23:10:21 -0400] "POST /cart?n=13 HTTP/1.1" 200 - 18
0:0:0:0:0:0:0:1 - - [27/Sep/2026:23:10:21 -0400] "POST /cart?n=3 HTTP/1.1" 500 116 21
0:0:0:0:0:0:0:1 - - [27/Sep/2026:23:10:21 -0400] "POST /cart?n=4 HTTP/1.1" 500 116 22
0:0:0:0:0:0:0:1 - - [27/Sep/2026:23:10:21 -0400] "POST /cart?n=20 HTTP/1.1" 500 116 21
0:0:0:0:0:0:0:1 - - [27/Sep/2026:23:10:21 -0400] "POST /cart?n=15 HTTP/1.1" 200 - 21
0:0:0:0:0:0:0:1 - - [27/Sep/2026:23:10:21 -0400] "POST /cart?n=1 HTTP/1.1" 500 116 24
0:0:0:0:0:0:0:1 - - [27/Sep/2026:23:10:21 -0400] "POST /cart?n=12 HTTP/1.1" 200 - 23
0:0:0:0:0:0:0:1 - - [27/Sep/2026:23:10:21 -0400] "POST /cart?n=6 HTTP/1.1" 500 116 26
0:0:0:0:0:0:0:1 - - [27/Sep/2026:23:10:21 -0400] "POST /cart?n=8 HTTP/1.1" 200 - 25
0:0:0:0:0:0:0:1 - - [27/Sep/2026:23:10:21 -0400] "POST /cart?n=7 HTTP/1.1" 500 116 27
0:0:0:0:0:0:0:1 - - [27/Sep/2026:23:10:21 -0400] "POST /cart?n=9 HTTP/1.1" 500 116 28
0:0:0:0:0:0:0:1 - - [27/Sep/2026:23:10:21 -0400] "POST /cart?n=17 HTTP/1.1" 500 116 28
0:0:0:0:0:0:0:1 - - [27/Sep/2026:23:10:21 -0400] "POST /cart?n=19 HTTP/1.1" 200 - 28
0:0:0:0:0:0:0:1 - - [27/Sep/2026:23:10:21 -0400] "POST /cart?n=18 HTTP/1.1" 500 116 28
0:0:0:0:0:0:0:1 - - [27/Sep/2026:23:10:21 -0400] "POST /cart?n=14 HTTP/1.1" 500 116 29
0:0:0:0:0:0:0:1 - - [27/Sep/2026:23:10:21 -0400] "POST /cart?n=11 HTTP/1.1" 200 - 30
0:0:0:0:0:0:0:1 - - [27/Sep/2026:23:10:21 -0400] "POST /cart?n=16 HTTP/1.1" 500 116 30
0:0:0:0:0:0:0:1 - - [27/Sep/2026:23:10:21 -0400] "POST /cart?n=22 HTTP/1.1" 500 116 11
0:0:0:0:0:0:0:1 - - [27/Sep/2026:23:10:21 -0400] "POST /cart?n=10 HTTP/1.1" 200 - 33
0:0:0:0:0:0:0:1 - - [27/Sep/2026:23:10:21 -0400] "POST /cart?n=23 HTTP/1.1" 500 116 11
0:0:0:0:0:0:0:1 - - [27/Sep/2026:23:10:21 -0400] "POST /cart?n=26 HTTP/1.1" 500 116 8
0:0:0:0:0:0:0:1 - - [27/Sep/2026:23:10:21 -0400] "POST /cart?n=21 HTTP/1.1" 500 116 15
0:0:0:0:0:0:0:1 - - [27/Sep/2026:23:10:21 -0400] "POST /cart?n=24 HTTP/1.1" 500 116 12
0:0:0:0:0:0:0:1 - - [27/Sep/2026:23:10:21 -0400] "POST /cart?n=25 HTTP/1.1" 500 116 10
0:0:0:0:0:0:0:1 - - [27/Sep/2026:23:10:21 -0400] "POST /cart?n=27 HTTP/1.1" 500 116 10
0:0:0:0:0:0:0:1 - - [27/Sep/2026:23:10:21 -0400] "POST /cart?n=28 HTTP/1.1" 500 116 8
0:0:0:0:0:0:0:1 - - [27/Sep/2026:23:10:21 -0400] "POST /cart?n=2 HTTP/1.1" 200 - 37
0:0:0:0:0:0:0:1 - - [27/Sep/2026:23:10:21 -0400] "POST /cart?n=29 HTTP/1.1" 500 116 10
0:0:0:0:0:0:0:1 - - [27/Sep/2026:23:10:21 -0400] "POST /cart?n=30 HTTP/1.1" 500 116 11
0:0:0:0:0:0:0:1 - - [27/Sep/2026:23:10:21 -0400] "POST /cart?n=31 HTTP/1.1" 500 116 11
0:0:0:0:0:0:0:1 - - [27/Sep/2026:23:10:21 -0400] "POST /cart?n=32 HTTP/1.1" 500 116 9
0:0:0:0:0:0:0:1 - - [27/Sep/2026:23:10:21 -0400] "POST /cart?n=36 HTTP/1.1" 500 116 9
0:0:0:0:0:0:0:1 - - [27/Sep/2026:23:10:21 -0400] "POST /cart?n=35 HTTP/1.1" 500 116 9
0:0:0:0:0:0:0:1 - - [27/Sep/2026:23:10:21 -0400] "POST /cart?n=34 HTTP/1.1" 500 116 10
0:0:0:0:0:0:0:1 - - [27/Sep/2026:23:10:21 -0400] "POST /cart?n=33 HTTP/1.1" 500 116 10
0:0:0:0:0:0:0:1 - - [27/Sep/2026:23:10:21 -0400] "POST /cart?n=37 HTTP/1.1" 500 116 10
0:0:0:0:0:0:0:1 - - [27/Sep/2026:23:10:21 -0400] "POST /cart?n=39 HTTP/1.1" 500 116 8
0:0:0:0:0:0:0:1 - - [27/Sep/2026:23:10:21 -0400] "POST /cart?n=38 HTTP/1.1" 500 116 9
0:0:0:0:0:0:0:1 - - [27/Sep/2026:23:10:21 -0400] "POST /cart?n=42 HTTP/1.1" 500 116 8
0:0:0:0:0:0:0:1 - - [27/Sep/2026:23:10:21 -0400] "POST /cart?n=40 HTTP/1.1" 500 116 9
0:0:0:0:0:0:0:1 - - [27/Sep/2026:23:10:21 -0400] "POST /cart?n=41 HTTP/1.1" 500 116 10
0:0:0:0:0:0:0:1 - - [27/Sep/2026:23:10:21 -0400] "POST /cart?n=43 HTTP/1.1" 500 116 8
0:0:0:0:0:0:0:1 - - [27/Sep/2026:23:10:21 -0400] "POST /cart?n=47 HTTP/1.1" 500 116 11
0:0:0:0:0:0:0:1 - - [27/Sep/2026:23:10:21 -0400] "POST /cart?n=45 HTTP/1.1" 500 116 11
0:0:0:0:0:0:0:1 - - [27/Sep/2026:23:10:21 -0400] "POST /cart?n=46 HTTP/1.1" 500 116 11
0:0:0:0:0:0:0:1 - - [27/Sep/2026:23:10:21 -0400] "POST /cart?n=44 HTTP/1.1" 500 116 12
0:0:0:0:0:0:0:1 - - [27/Sep/2026:23:10:21 -0400] "POST /cart?n=50 HTTP/1.1" 500 116 10
0:0:0:0:0:0:0:1 - - [27/Sep/2026:23:10:21 -0400] "POST /cart?n=49 HTTP/1.1" 500 116 10
0:0:0:0:0:0:0:1 - - [27/Sep/2026:23:10:21 -0400] "POST /cart?n=48 HTTP/1.1" 500 116 11
0:0:0:0:0:0:0:1 - - [27/Sep/2026:23:10:29 -0400] "POST /login HTTP/1.1" 200 - 62
0:0:0:0:0:0:0:1 - - [27/Sep/2026:23:10:29 -0400] "POST /cart/checkout HTTP/1.1" 200 - 6
0:0:0:0:0:0:0:1 - - [27/Sep/2026:23:10:30 -0400] "POST /cart?n=11 HTTP/1.1" 200 - 9
0:0:0:0:0:0:0:1 - - [27/Sep/2026:23:10:30 -0400] "POST /cart?n=6 HTTP/1.1" 200 - 11
0:0:0:0:0:0:0:1 - - [27/Sep/2026:23:10:30 -0400] "POST /cart?n=5 HTTP/1.1" 200 - 12
0:0:0:0:0:0:0:1 - - [27/Sep/2026:23:10:30 -0400] "POST /cart?n=2 HTTP/1.1" 500 116 13
0:0:0:0:0:0:0:1 - - [27/Sep/2026:23:10:30 -0400] "POST /cart?n=8 HTTP/1.1" 200 - 14
0:0:0:0:0:0:0:1 - - [27/Sep/2026:23:10:30 -0400] "POST /cart?n=1 HTTP/1.1" 500 116 15
0:0:0:0:0:0:0:1 - - [27/Sep/2026:23:10:30 -0400] "POST /cart?n=7 HTTP/1.1" 200 - 15
0:0:0:0:0:0:0:1 - - [27/Sep/2026:23:10:30 -0400] "POST /cart?n=17 HTTP/1.1" 500 116 14
0:0:0:0:0:0:0:1 - - [27/Sep/2026:23:10:30 -0400] "POST /cart?n=14 HTTP/1.1" 500 116 15
0:0:0:0:0:0:0:1 - - [27/Sep/2026:23:10:30 -0400] "POST /cart?n=12 HTTP/1.1" 500 116 16
0:0:0:0:0:0:0:1 - - [27/Sep/2026:23:10:30 -0400] "POST /cart?n=9 HTTP/1.1" 200 - 18
0:0:0:0:0:0:0:1 - - [27/Sep/2026:23:10:30 -0400] "POST /cart?n=4 HTTP/1.1" 200 - 20
0:0:0:0:0:0:0:1 - - [27/Sep/2026:23:10:30 -0400] "POST /cart?n=18 HTTP/1.1" 500 116 18
0:0:0:0:0:0:0:1 - - [27/Sep/2026:23:10:30 -0400] "POST /cart?n=20 HTTP/1.1" 500 116 18
0:0:0:0:0:0:0:1 - - [27/Sep/2026:23:10:30 -0400] "POST /cart?n=3 HTTP/1.1" 200 - 21
0:0:0:0:0:0:0:1 - - [27/Sep/2026:23:10:30 -0400] "POST /cart?n=19 HTTP/1.1" 500 116 19
0:0:0:0:0:0:0:1 - - [27/Sep/2026:23:10:30 -0400] "POST /cart?n=16 HTTP/1.1" 500 116 20
0:0:0:0:0:0:0:1 - - [27/Sep/2026:23:10:30 -0400] "POST /cart?n=21 HTTP/1.1" 500 116 12
0:0:0:0:0:0:0:1 - - [27/Sep/2026:23:10:30 -0400] "POST /cart?n=10 HTTP/1.1" 200 - 23
0:0:0:0:0:0:0:1 - - [27/Sep/2026:23:10:30 -0400] "POST /cart?n=15 HTTP/1.1" 200 - 23
0:0:0:0:0:0:0:1 - - [27/Sep/2026:23:10:30 -0400] "POST /cart?n=22 HTTP/1.1" 500 116 13
0:0:0:0:0:0:0:1 - - [27/Sep/2026:23:10:30 -0400] "POST /cart?n=13 HTTP/1.1" 500 116 24
0:0:0:0:0:0:0:1 - - [27/Sep/2026:23:10:30 -0400] "POST /cart?n=23 HTTP/1.1" 500 116 16
0:0:0:0:0:0:0:1 - - [27/Sep/2026:23:10:30 -0400] "POST /cart?n=26 HTTP/1.1" 500 116 13
0:0:0:0:0:0:0:1 - - [27/Sep/2026:23:10:30 -0400] "POST /cart?n=27 HTTP/1.1" 500 116 12
0:0:0:0:0:0:0:1 - - [27/Sep/2026:23:10:30 -0400] "POST /cart?n=24 HTTP/1.1" 500 116 16
0:0:0:0:0:0:0:1 - - [27/Sep/2026:23:10:30 -0400] "POST /cart?n=28 HTTP/1.1" 500 116 12
0:0:0:0:0:0:0:1 - - [27/Sep/2026:23:10:30 -0400] "POST /cart?n=25 HTTP/1.1" 500 116 14
0:0:0:0:0:0:0:1 - - [27/Sep/2026:23:10:30 -0400] "POST /cart?n=30 HTTP/1.1" 500 116 11
0:0:0:0:0:0:0:1 - - [27/Sep/2026:23:10:30 -0400] "POST /cart?n=29 HTTP/1.1" 500 116 13
0:0:0:0:0:0:0:1 - - [27/Sep/2026:23:10:30 -0400] "POST /cart?n=33 HTTP/1.1" 500 116 11
0:0:0:0:0:0:0:1 - - [27/Sep/2026:23:10:30 -0400] "POST /cart?n=31 HTTP/1.1" 500 116 13
0:0:0:0:0:0:0:1 - - [27/Sep/2026:23:10:30 -0400] "POST /cart?n=32 HTTP/1.1" 500 116 13
0:0:0:0:0:0:0:1 - - [27/Sep/2026:23:10:30 -0400] "POST /cart?n=37 HTTP/1.1" 500 116 19
0:0:0:0:0:0:0:1 - - [27/Sep/2026:23:10:30 -0400] "POST /cart?n=35 HTTP/1.1" 500 116 20
0:0:0:0:0:0:0:1 - - [27/Sep/2026:23:10:30 -0400] "POST /cart?n=34 HTTP/1.1" 500 116 23
0:0:0:0:0:0:0:1 - - [27/Sep/2026:23:10:30 -0400] "POST /cart?n=38 HTTP/1.1" 500 116 19
0:0:0:0:0:0:0:1 - - [27/Sep/2026:23:10:30 -0400] "POST /cart?n=40 HTTP/1.1" 500 116 19
0:0:0:0:0:0:0:1 - - [27/Sep/2026:23:10:30 -0400] "POST /cart?n=39 HTTP/1.1" 500 116 20
0:0:0:0:0:0:0:1 - - [27/Sep/2026:23:10:30 -0400] "POST /cart?n=36 HTTP/1.1" 500 116 21
0:0:0:0:0:0:0:1 - - [27/Sep/2026:23:10:30 -0400] "POST /cart?n=41 HTTP/1.1" 500 116 20
0:0:0:0:0:0:0:1 - - [27/Sep/2026:23:10:30 -0400] "POST /cart?n=47 HTTP/1.1" 500 116 15
0:0:0:0:0:0:0:1 - - [27/Sep/2026:23:10:30 -0400] "POST /cart?n=45 HTTP/1.1" 500 116 15
0:0:0:0:0:0:0:1 - - [27/Sep/2026:23:10:30 -0400] "POST /cart?n=42 HTTP/1.1" 500 116 29
0:0:0:0:0:0:0:1 - - [27/Sep/2026:23:10:30 -0400] "POST /cart?n=46 HTTP/1.1" 500 116 15
0:0:0:0:0:0:0:1 - - [27/Sep/2026:23:10:30 -0400] "POST /cart?n=48 HTTP/1.1" 500 116 15
0:0:0:0:0:0:0:1 - - [27/Sep/2026:23:10:30 -0400] "POST /cart?n=44 HTTP/1.1" 500 116 15
0:0:0:0:0:0:0:1 - - [27/Sep/2026:23:10:30 -0400] "POST /cart?n=43 HTTP/1.1" 500 116 23
0:0:0:0:0:0:0:1 - - [27/Sep/2026:23:10:30 -0400] "POST /cart?n=49 HTTP/1.1" 500 116 20
0:0:0:0:0:0:0:1 - - [27/Sep/2026:23:10:30 -0400] "POST /cart?n=50 HTTP/1.1" 500 116 21
0:0:0:0:0:0:0:1 - - [27/Sep/2026:23:10:30 -0400] "POST /login HTTP/1.1" 200 - 63
0:0:0:0:0:0:0:1 - - [27/Sep/2026:23:10:30 -0400] "POST /cart/checkout HTTP/1.1" 200 - 7
0:0:0:0:0:0:0:1 - - [27/Sep/2026:23:10:31 -0400] "POST /cart?n=8 HTTP/1.1" 200 - 10
0:0:0:0:0:0:0:1 - - [27/Sep/2026:23:10:31 -0400] "POST /cart?n=7 HTTP/1.1" 200 - 11
0:0:0:0:0:0:0:1 - - [27/Sep/2026:23:10:31 -0400] "POST /cart?n=6 HTTP/1.1" 200 - 12
0:0:0:0:0:0:0:1 - - [27/Sep/2026:23:10:31 -0400] "POST /cart?n=5 HTTP/1.1" 200 - 15
0:0:0:0:0:0:0:1 - - [27/Sep/2026:23:10:31 -0400] "POST /cart?n=10 HTTP/1.1" 500 116 13
0:0:0:0:0:0:0:1 - - [27/Sep/2026:23:10:31 -0400] "POST /cart?n=1 HTTP/1.1" 200 - 16
0:0:0:0:0:0:0:1 - - [27/Sep/2026:23:10:31 -0400] "POST /cart?n=14 HTTP/1.1" 500 116 15
0:0:0:0:0:0:0:1 - - [27/Sep/2026:23:10:31 -0400] "POST /cart?n=13 HTTP/1.1" 500 116 16
0:0:0:0:0:0:0:1 - - [27/Sep/2026:23:10:31 -0400] "POST /cart?n=3 HTTP/1.1" 200 - 19
0:0:0:0:0:0:0:1 - - [27/Sep/2026:23:10:31 -0400] "POST /cart?n=12 HTTP/1.1" 500 116 16
0:0:0:0:0:0:0:1 - - [27/Sep/2026:23:10:31 -0400] "POST /cart?n=11 HTTP/1.1" 500 116 17
0:0:0:0:0:0:0:1 - - [27/Sep/2026:23:10:31 -0400] "POST /cart?n=9 HTTP/1.1" 200 - 19
0:0:0:0:0:0:0:1 - - [27/Sep/2026:23:10:31 -0400] "POST /cart?n=18 HTTP/1.1" 500 116 18
0:0:0:0:0:0:0:1 - - [27/Sep/2026:23:10:31 -0400] "POST /cart?n=4 HTTP/1.1" 200 - 22
0:0:0:0:0:0:0:1 - - [27/Sep/2026:23:10:31 -0400] "POST /cart?n=15 HTTP/1.1" 500 116 19
0:0:0:0:0:0:0:1 - - [27/Sep/2026:23:10:31 -0400] "POST /cart?n=17 HTTP/1.1" 500 116 20
0:0:0:0:0:0:0:1 - - [27/Sep/2026:23:10:31 -0400] "POST /cart?n=19 HTTP/1.1" 500 116 20
0:0:0:0:0:0:0:1 - - [27/Sep/2026:23:10:31 -0400] "POST /cart?n=16 HTTP/1.1" 200 - 20
0:0:0:0:0:0:0:1 - - [27/Sep/2026:23:10:31 -0400] "POST /cart?n=20 HTTP/1.1" 500 116 20
0:0:0:0:0:0:0:1 - - [27/Sep/2026:23:10:31 -0400] "POST /cart?n=23 HTTP/1.1" 500 116 11
0:0:0:0:0:0:0:1 - - [27/Sep/2026:23:10:31 -0400] "POST /cart?n=21 HTTP/1.1" 500 116 13
0:0:0:0:0:0:0:1 - - [27/Sep/2026:23:10:31 -0400] "POST /cart?n=25 HTTP/1.1" 500 116 7
0:0:0:0:0:0:0:1 - - [27/Sep/2026:23:10:31 -0400] "POST /cart?n=22 HTTP/1.1" 500 116 12
0:0:0:0:0:0:0:1 - - [27/Sep/2026:23:10:31 -0400] "POST /cart?n=2 HTTP/1.1" 200 - 25
0:0:0:0:0:0:0:1 - - [27/Sep/2026:23:10:31 -0400] "POST /cart?n=26 HTTP/1.1" 500 116 8
0:0:0:0:0:0:0:1 - - [27/Sep/2026:23:10:31 -0400] "POST /cart?n=24 HTTP/1.1" 500 116 10
0:0:0:0:0:0:0:1 - - [27/Sep/2026:23:10:31 -0400] "POST /cart?n=27 HTTP/1.1" 500 116 7
0:0:0:0:0:0:0:1 - - [27/Sep/2026:23:10:31 -0400] "POST /cart?n=29 HTTP/1.1" 500 116 7
0:0:0:0:0:0:0:1 - - [27/Sep/2026:23:10:31 -0400] "POST /cart?n=30 HTTP/1.1" 500 116 7
0:0:0:0:0:0:0:1 - - [27/Sep/2026:23:10:31 -0400] "POST /cart?n=28 HTTP/1.1" 500 116 7
0:0:0:0:0:0:0:1 - - [27/Sep/2026:23:10:31 -0400] "POST /cart?n=31 HTTP/1.1" 500 116 7
0:0:0:0:0:0:0:1 - - [27/Sep/2026:23:10:31 -0400] "POST /cart?n=32 HTTP/1.1" 500 116 7
0:0:0:0:0:0:0:1 - - [27/Sep/2026:23:10:31 -0400] "POST /cart?n=33 HTTP/1.1" 500 116 7
0:0:0:0:0:0:0:1 - - [27/Sep/2026:23:10:31 -0400] "POST /cart?n=34 HTTP/1.1" 500 116 7
0:0:0:0:0:0:0:1 - - [27/Sep/2026:23:10:31 -0400] "POST /cart?n=35 HTTP/1.1" 500 116 7
0:0:0:0:0:0:0:1 - - [27/Sep/2026:23:10:31 -0400] "POST /cart?n=36 HTTP/1.1" 500 116 7
0:0:0:0:0:0:0:1 - - [27/Sep/2026:23:10:31 -0400] "POST /cart?n=40 HTTP/1.1" 500 116 8
0:0:0:0:0:0:0:1 - - [27/Sep/2026:23:10:31 -0400] "POST /cart?n=37 HTTP/1.1" 500 116 8
0:0:0:0:0:0:0:1 - - [27/Sep/2026:23:10:31 -0400] "POST /cart?n=39 HTTP/1.1" 500 116 8
0:0:0:0:0:0:0:1 - - [27/Sep/2026:23:10:31 -0400] "POST /cart?n=38 HTTP/1.1" 500 116 9
0:0:0:0:0:0:0:1 - - [27/Sep/2026:23:10:31 -0400] "POST /cart?n=41 HTTP/1.1" 500 116 8
0:0:0:0:0:0:0:1 - - [27/Sep/2026:23:10:31 -0400] "POST /cart?n=43 HTTP/1.1" 500 116 10
0:0:0:0:0:0:0:1 - - [27/Sep/2026:23:10:31 -0400] "POST /cart?n=45 HTTP/1.1" 500 116 10
0:0:0:0:0:0:0:1 - - [27/Sep/2026:23:10:31 -0400] "POST /cart?n=42 HTTP/1.1" 500 116 10
0:0:0:0:0:0:0:1 - - [27/Sep/2026:23:10:31 -0400] "POST /cart?n=44 HTTP/1.1" 500 116 10
0:0:0:0:0:0:0:1 - - [27/Sep/2026:23:10:31 -0400] "POST /cart?n=46 HTTP/1.1" 500 116 10
0:0:0:0:0:0:0:1 - - [27/Sep/2026:23:10:31 -0400] "POST /cart?n=49 HTTP/1.1" 500 116 7
0:0:0:0:0:0:0:1 - - [27/Sep/2026:23:10:31 -0400] "POST /cart?n=50 HTTP/1.1" 500 116 7
0:0:0:0:0:0:0:1 - - [27/Sep/2026:23:10:31 -0400] "POST /cart?n=47 HTTP/1.1" 500 116 7
0:0:0:0:0:0:0:1 - - [27/Sep/2026:23:10:31 -0400] "POST /cart?n=48 HTTP/1.1" 500 116 7
0:0:0:0:0:0:0:1 - - [27/Sep/2026:23:10:31 -0400] "POST /login HTTP/1.1" 200 - 64
0:0:0:0:0:0:0:1 - - [27/Sep/2026:23:10:31 -0400] "POST /cart/checkout HTTP/1.1" 200 - 6
0:0:0:0:0:0:0:1 - - [27/Sep/2026:23:10:32 -0400] "POST /cart?n=1 HTTP/1.1" 200 - 9
0:0:0:0:0:0:0:1 - - [27/Sep/2026:23:10:32 -0400] "POST /cart?n=9 HTTP/1.1" 200 - 10
0:0:0:0:0:0:0:1 - - [27/Sep/2026:23:10:32 -0400] "POST /cart?n=12 HTTP/1.1" 200 - 11
0:0:0:0:0:0:0:1 - - [27/Sep/2026:23:10:32 -0400] "POST /cart?n=15 HTTP/1.1" 500 116 11
0:0:0:0:0:0:0:1 - - [27/Sep/2026:23:10:32 -0400] "POST /cart?n=10 HTTP/1.1" 500 116 13
0:0:0:0:0:0:0:1 - - [27/Sep/2026:23:10:32 -0400] "POST /cart?n=6 HTTP/1.1" 200 - 13
0:0:0:0:0:0:0:1 - - [27/Sep/2026:23:10:32 -0400] "POST /cart?n=4 HTTP/1.1" 500 116 15
0:0:0:0:0:0:0:1 - - [27/Sep/2026:23:10:32 -0400] "POST /cart?n=8 HTTP/1.1" 200 - 15
0:0:0:0:0:0:0:1 - - [27/Sep/2026:23:10:32 -0400] "POST /cart?n=13 HTTP/1.1" 500 116 15
0:0:0:0:0:0:0:1 - - [27/Sep/2026:23:10:32 -0400] "POST /cart?n=11 HTTP/1.1" 200 - 16
0:0:0:0:0:0:0:1 - - [27/Sep/2026:23:10:32 -0400] "POST /cart?n=17 HTTP/1.1" 500 116 15
0:0:0:0:0:0:0:1 - - [27/Sep/2026:23:10:32 -0400] "POST /cart?n=5 HTTP/1.1" 200 - 19
0:0:0:0:0:0:0:1 - - [27/Sep/2026:23:10:32 -0400] "POST /cart?n=14 HTTP/1.1" 500 116 18
0:0:0:0:0:0:0:1 - - [27/Sep/2026:23:10:32 -0400] "POST /cart?n=16 HTTP/1.1" 500 116 18
0:0:0:0:0:0:0:1 - - [27/Sep/2026:23:10:32 -0400] "POST /cart?n=21 HTTP/1.1" 500 116 9
0:0:0:0:0:0:0:1 - - [27/Sep/2026:23:10:32 -0400] "POST /cart?n=18 HTTP/1.1" 500 116 17
0:0:0:0:0:0:0:1 - - [27/Sep/2026:23:10:32 -0400] "POST /cart?n=20 HTTP/1.1" 500 116 18
0:0:0:0:0:0:0:1 - - [27/Sep/2026:23:10:32 -0400] "POST /cart?n=7 HTTP/1.1" 200 - 21
0:0:0:0:0:0:0:1 - - [27/Sep/2026:23:10:32 -0400] "POST /cart?n=3 HTTP/1.1" 200 - 23
0:0:0:0:0:0:0:1 - - [27/Sep/2026:23:10:32 -0400] "POST /cart?n=24 HTTP/1.1" 500 116 9
0:0:0:0:0:0:0:1 - - [27/Sep/2026:23:10:32 -0400] "POST /cart?n=19 HTTP/1.1" 500 116 21
0:0:0:0:0:0:0:1 - - [27/Sep/2026:23:10:32 -0400] "POST /cart?n=23 HTTP/1.1" 500 116 10
0:0:0:0:0:0:0:1 - - [27/Sep/2026:23:10:32 -0400] "POST /cart?n=22 HTTP/1.1" 500 116 12
0:0:0:0:0:0:0:1 - - [27/Sep/2026:23:10:32 -0400] "POST /cart?n=2 HTTP/1.1" 200 - 24
0:0:0:0:0:0:0:1 - - [27/Sep/2026:23:10:32 -0400] "POST /cart?n=27 HTTP/1.1" 500 116 7
0:0:0:0:0:0:0:1 - - [27/Sep/2026:23:10:32 -0400] "POST /cart?n=25 HTTP/1.1" 500 116 10
0:0:0:0:0:0:0:1 - - [27/Sep/2026:23:10:32 -0400] "POST /cart?n=26 HTTP/1.1" 500 116 9
0:0:0:0:0:0:0:1 - - [27/Sep/2026:23:10:32 -0400] "POST /cart?n=28 HTTP/1.1" 500 116 7
0:0:0:0:0:0:0:1 - - [27/Sep/2026:23:10:32 -0400] "POST /cart?n=29 HTTP/1.1" 500 116 9
0:0:0:0:0:0:0:1 - - [27/Sep/2026:23:10:32 -0400] "POST /cart?n=31 HTTP/1.1" 500 116 6
0:0:0:0:0:0:0:1 - - [27/Sep/2026:23:10:32 -0400] "POST /cart?n=33 HTTP/1.1" 500 116 5
0:0:0:0:0:0:0:1 - - [27/Sep/2026:23:10:32 -0400] "POST /cart?n=32 HTTP/1.1" 500 116 6
0:0:0:0:0:0:0:1 - - [27/Sep/2026:23:10:32 -0400] "POST /cart?n=30 HTTP/1.1" 500 116 6
0:0:0:0:0:0:0:1 - - [27/Sep/2026:23:10:32 -0400] "POST /cart?n=36 HTTP/1.1" 500 116 7
0:0:0:0:0:0:0:1 - - [27/Sep/2026:23:10:32 -0400] "POST /cart?n=37 HTTP/1.1" 500 116 7
0:0:0:0:0:0:0:1 - - [27/Sep/2026:23:10:32 -0400] "POST /cart?n=34 HTTP/1.1" 500 116 7
0:0:0:0:0:0:0:1 - - [27/Sep/2026:23:10:32 -0400] "POST /cart?n=35 HTTP/1.1" 500 116 7
0:0:0:0:0:0:0:1 - - [27/Sep/2026:23:10:32 -0400] "POST /cart?n=38 HTTP/1.1" 500 116 7
0:0:0:0:0:0:0:1 - - [27/Sep/2026:23:10:32 -0400] "POST /cart?n=39 HTTP/1.1" 500 116 6
0:0:0:0:0:0:0:1 - - [27/Sep/2026:23:10:32 -0400] "POST /cart?n=41 HTTP/1.1" 500 116 8
0:0:0:0:0:0:0:1 - - [27/Sep/2026:23:10:32 -0400] "POST /cart?n=47 HTTP/1.1" 500 116 7
0:0:0:0:0:0:0:1 - - [27/Sep/2026:23:10:32 -0400] "POST /cart?n=40 HTTP/1.1" 500 116 8
0:0:0:0:0:0:0:1 - - [27/Sep/2026:23:10:32 -0400] "POST /cart?n=43 HTTP/1.1" 500 116 8
0:0:0:0:0:0:0:1 - - [27/Sep/2026:23:10:32 -0400] "POST /cart?n=49 HTTP/1.1" 500 116 6
0:0:0:0:0:0:0:1 - - [27/Sep/2026:23:10:32 -0400] "POST /cart?n=45 HTTP/1.1" 500 116 8
0:0:0:0:0:0:0:1 - - [27/Sep/2026:23:10:32 -0400] "POST /cart?n=44 HTTP/1.1" 500 116 8
0:0:0:0:0:0:0:1 - - [27/Sep/2026:23:10:32 -0400] "POST /cart?n=42 HTTP/1.1" 500 116 9
0:0:0:0:0:0:0:1 - - [27/Sep/2026:23:10:32 -0400] "POST /cart?n=48 HTTP/1.1" 500 116 7
0:0:0:0:0:0:0:1 - - [27/Sep/2026:23:10:32 -0400] "POST /cart?n=46 HTTP/1.1" 500 116 8
0:0:0:0:0:0:0:1 - - [27/Sep/2026:23:10:32 -0400] "POST /cart?n=50 HTTP/1.1" 500 116 8
0:0:0:0:0:0:0:1 - - [27/Sep/2026:23:10:37 -0400] "POST /cart?n=2 HTTP/1.1" 500 116 5
0:0:0:0:0:0:0:1 - - [27/Sep/2026:23:10:37 -0400] "POST /cart?n=4 HTTP/1.1" 500 116 5
0:0:0:0:0:0:0:1 - - [27/Sep/2026:23:10:37 -0400] "POST /cart?n=3 HTTP/1.1" 500 116 5
0:0:0:0:0:0:0:1 - - [27/Sep/2026:23:10:37 -0400] "POST /cart?n=1 HTTP/1.1" 500 116 6
0:0:0:0:0:0:0:1 - - [27/Sep/2026:23:10:37 -0400] "POST /cart?n=5 HTTP/1.1" 500 116 5
0:0:0:0:0:0:0:1 - - [27/Sep/2026:23:12:06 -0400] "POST /login HTTP/1.1" 200 - 58
0:0:0:0:0:0:0:1 - - [27/Sep/2026:23:12:06 -0400] "POST /cart/checkout HTTP/1.1" 200 - 6
0:0:0:0:0:0:0:1 - - [27/Sep/2026:23:12:06 -0400] "POST /cart?n=5 HTTP/1.1" 200 - 11
0:0:0:0:0:0:0:1 - - [27/Sep/2026:23:12:06 -0400] "POST /cart?n=9 HTTP/1.1" 200 - 11
0:0:0:0:0:0:0:1 - - [27/Sep/2026:23:12:06 -0400] "POST /cart?n=10 HTTP/1.1" 200 - 11
0:0:0:0:0:0:0:1 - - [27/Sep/2026:23:12:06 -0400] "POST /cart?n=6 HTTP/1.1" 200 - 15
0:0:0:0:0:0:0:1 - - [27/Sep/2026:23:12:06 -0400] "POST /cart?n=8 HTTP/1.1" 200 - 15
0:0:0:0:0:0:0:1 - - [27/Sep/2026:23:12:06 -0400] "POST /cart?n=14 HTTP/1.1" 500 116 16
0:0:0:0:0:0:0:1 - - [27/Sep/2026:23:12:06 -0400] "POST /cart?n=7 HTTP/1.1" 200 - 20
0:0:0:0:0:0:0:1 - - [27/Sep/2026:23:12:06 -0400] "POST /cart?n=3 HTTP/1.1" 200 - 22
0:0:0:0:0:0:0:1 - - [27/Sep/2026:23:12:06 -0400] "POST /cart?n=1 HTTP/1.1" 200 - 24
0:0:0:0:0:0:0:1 - - [27/Sep/2026:23:12:06 -0400] "POST /cart?n=12 HTTP/1.1" 500 116 20
0:0:0:0:0:0:0:1 - - [27/Sep/2026:23:12:06 -0400] "POST /cart?n=15 HTTP/1.1" 500 116 19
0:0:0:0:0:0:0:1 - - [27/Sep/2026:23:12:06 -0400] "POST /cart?n=13 HTTP/1.1" 500 116 20
0:0:0:0:0:0:0:1 - - [27/Sep/2026:23:12:06 -0400] "POST /cart?n=11 HTTP/1.1" 500 116 21
0:0:0:0:0:0:0:1 - - [27/Sep/2026:23:12:06 -0400] "POST /cart?n=2 HTTP/1.1" 200 - 25
0:0:0:0:0:0:0:1 - - [27/Sep/2026:23:12:06 -0400] "POST /cart?n=17 HTTP/1.1" 500 116 19
0:0:0:0:0:0:0:1 - - [27/Sep/2026:23:12:06 -0400] "POST /cart?n=18 HTTP/1.1" 500 116 19
0:0:0:0:0:0:0:1 - - [27/Sep/2026:23:12:06 -0400] "POST /cart?n=4 HTTP/1.1" 200 - 27
0:0:0:0:0:0:0:1 - - [27/Sep/2026:23:12:06 -0400] "POST /cart?n=19 HTTP/1.1" 500 116 19
0:0:0:0:0:0:0:1 - - [27/Sep/2026:23:12:06 -0400] "POST /cart?n=16 HTTP/1.1" 500 116 19
0:0:0:0:0:0:0:1 - - [27/Sep/2026:23:12:06 -0400] "POST /cart?n=20 HTTP/1.1" 500 116 20
0:0:0:0:0:0:0:1 - - [27/Sep/2026:23:12:06 -0400] "POST /cart?n=23 HTTP/1.1" 500 116 12
0:0:0:0:0:0:0:1 - - [27/Sep/2026:23:12:06 -0400] "POST /cart?n=21 HTTP/1.1" 500 116 14
0:0:0:0:0:0:0:1 - - [27/Sep/2026:23:12:06 -0400] "POST /cart?n=22 HTTP/1.1" 500 116 13
0:0:0:0:0:0:0:1 - - [27/Sep/2026:23:12:06 -0400] "POST /cart?n=24 HTTP/1.1" 500 116 10
0:0:0:0:0:0:0:1 - - [27/Sep/2026:23:12:06 -0400] "POST /cart?n=25 HTTP/1.1" 500 116 9
0:0:0:0:0:0:0:1 - - [27/Sep/2026:23:12:06 -0400] "POST /cart?n=27 HTTP/1.1" 500 116 7
0:0:0:0:0:0:0:1 - - [27/Sep/2026:23:12:06 -0400] "POST /cart?n=28 HTTP/1.1" 500 116 8
0:0:0:0:0:0:0:1 - - [27/Sep/2026:23:12:06 -0400] "POST /cart?n=26 HTTP/1.1" 500 116 10
0:0:0:0:0:0:0:1 - - [27/Sep/2026:23:12:06 -0400] "POST /cart?n=29 HTTP/1.1" 500 116 8
0:0:0:0:0:0:0:1 - - [27/Sep/2026:23:12:06 -0400] "POST /cart?n=30 HTTP/1.1" 500 116 8
0:0:0:0:0:0:0:1 - - [27/Sep/2026:23:12:06 -0400] "POST /cart?n=31 HTTP/1.1" 500 116 9
0:0:0:0:0:0:0:1 - - [27/Sep/2026:23:12:06 -0400] "POST /cart?n=33 HTTP/1.1" 500 116 8
0:0:0:0:0:0:0:1 - - [27/Sep/2026:23:12:06 -0400] "POST /cart?n=32 HTTP/1.1" 500 116 9
0:0:0:0:0:0:0:1 - - [27/Sep/2026:23:12:06 -0400] "POST /cart?n=34 HTTP/1.1" 500 116 8
0:0:0:0:0:0:0:1 - - [27/Sep/2026:23:12:06 -0400] "POST /cart?n=36 HTTP/1.1" 500 116 8
0:0:0:0:0:0:0:1 - - [27/Sep/2026:23:12:06 -0400] "POST /cart?n=35 HTTP/1.1" 500 116 9
0:0:0:0:0:0:0:1 - - [27/Sep/2026:23:12:06 -0400] "POST /cart?n=39 HTTP/1.1" 500 116 8
0:0:0:0:0:0:0:1 - - [27/Sep/2026:23:12:06 -0400] "POST /cart?n=42 HTTP/1.1" 500 116 8
0:0:0:0:0:0:0:1 - - [27/Sep/2026:23:12:06 -0400] "POST /cart?n=40 HTTP/1.1" 500 116 9
0:0:0:0:0:0:0:1 - - [27/Sep/2026:23:12:06 -0400] "POST /cart?n=37 HTTP/1.1" 500 116 9
0:0:0:0:0:0:0:1 - - [27/Sep/2026:23:12:06 -0400] "POST /cart?n=41 HTTP/1.1" 500 116 9
0:0:0:0:0:0:0:1 - - [27/Sep/2026:23:12:06 -0400] "POST /cart?n=38 HTTP/1.1" 500 116 9
0:0:0:0:0:0:0:1 - - [27/Sep/2026:23:12:06 -0400] "POST /cart?n=43 HTTP/1.1" 500 116 9
0:0:0:0:0:0:0:1 - - [27/Sep/2026:23:12:06 -0400] "POST /cart?n=44 HTTP/1.1" 500 116 8
0:0:0:0:0:0:0:1 - - [27/Sep/2026:23:12:06 -0400] "POST /cart?n=45 HTTP/1.1" 500 116 8
0:0:0:0:0:0:0:1 - - [27/Sep/2026:23:12:06 -0400] "POST /cart?n=48 HTTP/1.1" 500 116 7
0:0:0:0:0:0:0:1 - - [27/Sep/2026:23:12:06 -0400] "POST /cart?n=46 HTTP/1.1" 500 116 8
0:0:0:0:0:0:0:1 - - [27/Sep/2026:23:12:06 -0400] "POST /cart?n=49 HTTP/1.1" 500 116 6
0:0:0:0:0:0:0:1 - - [27/Sep/2026:23:12:06 -0400] "POST /cart?n=47 HTTP/1.1" 500 116 8
0:0:0:0:0:0:0:1 - - [27/Sep/2026:23:12:06 -0400] "POST /cart?n=50 HTTP/1.1" 500 116 6
0:0:0:0:0:0:0:1 - - [27/Sep/2026:23:12:07 -0400] "POST /login HTTP/1.1" 200 - 60
0:0:0:0:0:0:0:1 - - [27/Sep/2026:23:12:07 -0400] "POST /cart/checkout HTTP/1.1" 200 - 5
0:0:0:0:0:0:0:1 - - [27/Sep/2026:23:12:08 -0400] "POST /cart?n=7 HTTP/1.1" 200 - 9
0:0:0:0:0:0:0:1 - - [27/Sep/2026:23:12:08 -0400] "POST /cart?n=12 HTTP/1.1" 200 - 9
0:0:0:0:0:0:0:1 - - [27/Sep/2026:23:12:08 -0400] "POST /cart?n=1 HTTP/1.1" 200 - 12
0:0:0:0:0:0:0:1 - - [27/Sep/2026:23:12:08 -0400] "POST /cart?n=9 HTTP/1.1" 500 116 13
0:0:0:0:0:0:0:1 - - [27/Sep/2026:23:12:08 -0400] "POST /cart?n=3 HTTP/1.1" 200 - 14
0:0:0:0:0:0:0:1 - - [27/Sep/2026:23:12:08 -0400] "POST /cart?n=14 HTTP/1.1" 500 116 13
0:0:0:0:0:0:0:1 - - [27/Sep/2026:23:12:08 -0400] "POST /cart?n=18 HTTP/1.1" 200 - 14
0:0:0:0:0:0:0:1 - - [27/Sep/2026:23:12:08 -0400] "POST /cart?n=4 HTTP/1.1" 200 - 17
0:0:0:0:0:0:0:1 - - [27/Sep/2026:23:12:08 -0400] "POST /cart?n=16 HTTP/1.1" 500 116 16
0:0:0:0:0:0:0:1 - - [27/Sep/2026:23:12:08 -0400] "POST /cart?n=13 HTTP/1.1" 500 116 16
0:0:0:0:0:0:0:1 - - [27/Sep/2026:23:12:08 -0400] "POST /cart?n=2 HTTP/1.1" 200 - 19
0:0:0:0:0:0:0:1 - - [27/Sep/2026:23:12:08 -0400] "POST /cart?n=8 HTTP/1.1" 500 116 19
0:0:0:0:0:0:0:1 - - [27/Sep/2026:23:12:08 -0400] "POST /cart?n=15 HTTP/1.1" 500 116 19
0:0:0:0:0:0:0:1 - - [27/Sep/2026:23:12:08 -0400] "POST /cart?n=5 HTTP/1.1" 200 - 21
0:0:0:0:0:0:0:1 - - [27/Sep/2026:23:12:08 -0400] "POST /cart?n=20 HTTP/1.1" 500 116 19
0:0:0:0:0:0:0:1 - - [27/Sep/2026:23:12:08 -0400] "POST /cart?n=10 HTTP/1.1" 500 116 21
0:0:0:0:0:0:0:1 - - [27/Sep/2026:23:12:08 -0400] "POST /cart?n=17 HTTP/1.1" 500 116 20
0:0:0:0:0:0:0:1 - - [27/Sep/2026:23:12:08 -0400] "POST /cart?n=6 HTTP/1.1" 200 - 23
0:0:0:0:0:0:0:1 - - [27/Sep/2026:23:12:08 -0400] "POST /cart?n=19 HTTP/1.1" 500 116 22
0:0:0:0:0:0:0:1 - - [27/Sep/2026:23:12:08 -0400] "POST /cart?n=21 HTTP/1.1" 500 116 14
0:0:0:0:0:0:0:1 - - [27/Sep/2026:23:12:08 -0400] "POST /cart?n=11 HTTP/1.1" 200 - 24
0:0:0:0:0:0:0:1 - - [27/Sep/2026:23:12:08 -0400] "POST /cart?n=23 HTTP/1.1" 500 116 11
0:0:0:0:0:0:0:1 - - [27/Sep/2026:23:12:08 -0400] "POST /cart?n=22 HTTP/1.1" 500 116 13
0:0:0:0:0:0:0:1 - - [27/Sep/2026:23:12:08 -0400] "POST /cart?n=24 HTTP/1.1" 500 116 9
0:0:0:0:0:0:0:1 - - [27/Sep/2026:23:12:08 -0400] "POST /cart?n=26 HTTP/1.1" 500 116 9
0:0:0:0:0:0:0:1 - - [27/Sep/2026:23:12:08 -0400] "POST /cart?n=27 HTTP/1.1" 500 116 8
0:0:0:0:0:0:0:1 - - [27/Sep/2026:23:12:08 -0400] "POST /cart?n=25 HTTP/1.1" 500 116 9
0:0:0:0:0:0:0:1 - - [27/Sep/2026:23:12:08 -0400] "POST /cart?n=29 HTTP/1.1" 500 116 8
0:0:0:0:0:0:0:1 - - [27/Sep/2026:23:12:08 -0400] "POST /cart?n=31 HTTP/1.1" 500 116 7
0:0:0:0:0:0:0:1 - - [27/Sep/2026:23:12:08 -0400] "POST /cart?n=32 HTTP/1.1" 500 116 7
0:0:0:0:0:0:0:1 - - [27/Sep/2026:23:12:08 -0400] "POST /cart?n=30 HTTP/1.1" 500 116 8
0:0:0:0:0:0:0:1 - - [27/Sep/2026:23:12:08 -0400] "POST /cart?n=28 HTTP/1.1" 500 116 8
0:0:0:0:0:0:0:1 - - [27/Sep/2026:23:12:08 -0400] "POST /cart?n=35 HTTP/1.1" 500 116 6
0:0:0:0:0:0:0:1 - - [27/Sep/2026:23:12:08 -0400] "POST /cart?n=33 HTTP/1.1" 500 116 6
0:0:0:0:0:0:0:1 - - [27/Sep/2026:23:12:08 -0400] "POST /cart?n=34 HTTP/1.1" 500 116 7
0:0:0:0:0:0:0:1 - - [27/Sep/2026:23:12:08 -0400] "POST /cart?n=36 HTTP/1.1" 500 116 6
0:0:0:0:0:0:0:1 - - [27/Sep/2026:23:12:08 -0400] "POST /cart?n=38 HTTP/1.1" 500 116 6
0:0:0:0:0:0:0:1 - - [27/Sep/2026:23:12:08 -0400] "POST /cart?n=39 HTTP/1.1" 500 116 5
0:0:0:0:0:0:0:1 - - [27/Sep/2026:23:12:08 -0400] "POST /cart?n=37 HTTP/1.1" 500 116 6
0:0:0:0:0:0:0:1 - - [27/Sep/2026:23:12:08 -0400] "POST /cart?n=40 HTTP/1.1" 500 116 5
0:0:0:0:0:0:0:1 - - [27/Sep/2026:23:12:08 -0400] "POST /cart?n=43 HTTP/1.1" 500 116 5
0:0:0:0:0:0:0:1 - - [27/Sep/2026:23:12:08 -0400] "POST /cart?n=42 HTTP/1.1" 500 116 5
0:0:0:0:0:0:0:1 - - [27/Sep/2026:23:12:08 -0400] "POST /cart?n=44 HTTP/1.1" 500 116 5
0:0:0:0:0:0:0:1 - - [27/Sep/2026:23:12:08 -0400] "POST /cart?n=41 HTTP/1.1" 500 116 6
0:0:0:0:0:0:0:1 - - [27/Sep/2026:23:12:08 -0400] "POST /cart?n=46 HTTP/1.1" 500 116 4
0:0:0:0:0:0:0:1 - - [27/Sep/2026:23:12:08 -0400] "POST /cart?n=45 HTTP/1.1" 500 116 5
0:0:0:0:0:0:0:1 - - [27/Sep/2026:23:12:08 -0400] "POST /cart?n=47 HTTP/1.1" 500 116 5
0:0:0:0:0:0:0:1 - - [27/Sep/2026:23:12:08 -0400] "POST /cart?n=48 HTTP/1.1" 500 116 4
0:0:0:0:0:0:0:1 - - [27/Sep/2026:23:12:08 -0400] "POST /cart?n=50 HTTP/1.1" 500 116 4
0:0:0:0:0:0:0:1 - - [27/Sep/2026:23:12:08 -0400] "POST /cart?n=49 HTTP/1.1" 500 116 4
0:0:0:0:0:0:0:1 - - [27/Sep/2026:23:12:08 -0400] "POST /login HTTP/1.1" 200 - 61
0:0:0:0:0:0:0:1 - - [27/Sep/2026:23:12:08 -0400] "POST /cart/checkout HTTP/1.1" 200 - 5
0:0:0:0:0:0:0:1 - - [27/Sep/2026:23:12:09 -0400] "POST /cart?n=7 HTTP/1.1" 200 - 8
0:0:0:0:0:0:0:1 - - [27/Sep/2026:23:12:09 -0400] "POST /cart?n=5 HTTP/1.1" 200 - 10
0:0:0:0:0:0:0:1 - - [27/Sep/2026:23:12:09 -0400] "POST /cart?n=4 HTTP/1.1" 200 - 11
0:0:0:0:0:0:0:1 - - [27/Sep/2026:23:12:09 -0400] "POST /cart?n=13 HTTP/1.1" 500 116 11
0:0:0:0:0:0:0:1 - - [27/Sep/2026:23:12:09 -0400] "POST /cart?n=1 HTTP/1.1" 200 - 12
0:0:0:0:0:0:0:1 - - [27/Sep/2026:23:12:09 -0400] "POST /cart?n=3 HTTP/1.1" 500 116 12
0:0:0:0:0:0:0:1 - - [27/Sep/2026:23:12:09 -0400] "POST /cart?n=2 HTTP/1.1" 200 - 14
0:0:0:0:0:0:0:1 - - [27/Sep/2026:23:12:09 -0400] "POST /cart?n=19 HTTP/1.1" 500 116 12
0:0:0:0:0:0:0:1 - - [27/Sep/2026:23:12:09 -0400] "POST /cart?n=10 HTTP/1.1" 500 116 14
0:0:0:0:0:0:0:1 - - [27/Sep/2026:23:12:09 -0400] "POST /cart?n=15 HTTP/1.1" 500 116 14
0:0:0:0:0:0:0:1 - - [27/Sep/2026:23:12:09 -0400] "POST /cart?n=14 HTTP/1.1" 200 - 15
0:0:0:0:0:0:0:1 - - [27/Sep/2026:23:12:09 -0400] "POST /cart?n=20 HTTP/1.1" 500 116 14
0:0:0:0:0:0:0:1 - - [27/Sep/2026:23:12:09 -0400] "POST /cart?n=8 HTTP/1.1" 200 - 17
0:0:0:0:0:0:0:1 - - [27/Sep/2026:23:12:09 -0400] "POST /cart?n=16 HTTP/1.1" 500 116 16
0:0:0:0:0:0:0:1 - - [27/Sep/2026:23:12:09 -0400] "POST /cart?n=11 HTTP/1.1" 200 - 18
0:0:0:0:0:0:0:1 - - [27/Sep/2026:23:12:09 -0400] "POST /cart?n=18 HTTP/1.1" 500 116 18
0:0:0:0:0:0:0:1 - - [27/Sep/2026:23:12:09 -0400] "POST /cart?n=6 HTTP/1.1" 200 - 20
0:0:0:0:0:0:0:1 - - [27/Sep/2026:23:12:09 -0400] "POST /cart?n=17 HTTP/1.1" 500 116 19
0:0:0:0:0:0:0:1 - - [27/Sep/2026:23:12:09 -0400] "POST /cart?n=22 HTTP/1.1" 500 116 11
0:0:0:0:0:0:0:1 - - [27/Sep/2026:23:12:09 -0400] "POST /cart?n=9 HTTP/1.1" 500 116 21
0:0:0:0:0:0:0:1 - - [27/Sep/2026:23:12:09 -0400] "POST /cart?n=12 HTTP/1.1" 200 - 21
0:0:0:0:0:0:0:1 - - [27/Sep/2026:23:12:09 -0400] "POST /cart?n=23 HTTP/1.1" 500 116 10
0:0:0:0:0:0:0:1 - - [27/Sep/2026:23:12:09 -0400] "POST /cart?n=21 HTTP/1.1" 500 116 13
0:0:0:0:0:0:0:1 - - [27/Sep/2026:23:12:09 -0400] "POST /cart?n=26 HTTP/1.1" 500 116 9
0:0:0:0:0:0:0:1 - - [27/Sep/2026:23:12:09 -0400] "POST /cart?n=24 HTTP/1.1" 500 116 11
0:0:0:0:0:0:0:1 - - [27/Sep/2026:23:12:09 -0400] "POST /cart?n=25 HTTP/1.1" 500 116 10
0:0:0:0:0:0:0:1 - - [27/Sep/2026:23:12:09 -0400] "POST /cart?n=27 HTTP/1.1" 500 116 10
0:0:0:0:0:0:0:1 - - [27/Sep/2026:23:12:09 -0400] "POST /cart?n=29 HTTP/1.1" 500 116 7
0:0:0:0:0:0:0:1 - - [27/Sep/2026:23:12:09 -0400] "POST /cart?n=28 HTTP/1.1" 500 116 7
0:0:0:0:0:0:0:1 - - [27/Sep/2026:23:12:09 -0400] "POST /cart?n=30 HTTP/1.1" 500 116 7
0:0:0:0:0:0:0:1 - - [27/Sep/2026:23:12:09 -0400] "POST /cart?n=31 HTTP/1.1" 500 116 8
0:0:0:0:0:0:0:1 - - [27/Sep/2026:23:12:09 -0400] "POST /cart?n=32 HTTP/1.1" 500 116 8
0:0:0:0:0:0:0:1 - - [27/Sep/2026:23:12:09 -0400] "POST /cart?n=33 HTTP/1.1" 500 116 9
0:0:0:0:0:0:0:1 - - [27/Sep/2026:23:12:09 -0400] "POST /cart?n=34 HTTP/1.1" 500 116 9
0:0:0:0:0:0:0:1 - - [27/Sep/2026:23:12:09 -0400] "POST /cart?n=35 HTTP/1.1" 500 116 10
0:0:0:0:0:0:0:1 - - [27/Sep/2026:23:12:09 -0400] "POST /cart?n=36 HTTP/1.1" 500 116 9
0:0:0:0:0:0:0:1 - - [27/Sep/2026:23:12:09 -0400] "POST /cart?n=38 HTTP/1.1" 500 116 9
0:0:0:0:0:0:0:1 - - [27/Sep/2026:23:12:09 -0400] "POST /cart?n=37 HTTP/1.1" 500 116 10
0:0:0:0:0:0:0:1 - - [27/Sep/2026:23:12:09 -0400] "POST /cart?n=39 HTTP/1.1" 500 116 10
0:0:0:0:0:0:0:1 - - [27/Sep/2026:23:12:09 -0400] "POST /cart?n=40 HTTP/1.1" 500 116 9
0:0:0:0:0:0:0:1 - - [27/Sep/2026:23:12:09 -0400] "POST /cart?n=41 HTTP/1.1" 500 116 10
0:0:0:0:0:0:0:1 - - [27/Sep/2026:23:12:09 -0400] "POST /cart?n=43 HTTP/1.1" 500 116 9
0:0:0:0:0:0:0:1 - - [27/Sep/2026:23:12:09 -0400] "POST /cart?n=42 HTTP/1.1" 500 116 9
0:0:0:0:0:0:0:1 - - [27/Sep/2026:23:12:09 -0400] "POST /cart?n=44 HTTP/1.1" 500 116 11
0:0:0:0:0:0:0:1 - - [27/Sep/2026:23:12:09 -0400] "POST /cart?n=46 HTTP/1.1" 500 116 11
0:0:0:0:0:0:0:1 - - [27/Sep/2026:23:12:09 -0400] "POST /cart?n=45 HTTP/1.1" 500 116 11
0:0:0:0:0:0:0:1 - - [27/Sep/2026:23:12:09 -0400] "POST /cart?n=47 HTTP/1.1" 500 116 12
0:0:0:0:0:0:0:1 - - [27/Sep/2026:23:12:09 -0400] "POST /cart?n=49 HTTP/1.1" 500 116 10
0:0:0:0:0:0:0:1 - - [27/Sep/2026:23:12:09 -0400] "POST /cart?n=48 HTTP/1.1" 500 116 10
0:0:0:0:0:0:0:1 - - [27/Sep/2026:23:12:09 -0400] "POST /cart?n=50 HTTP/1.1" 500 116 10
0:0:0:0:0:0:0:1 - - [27/Sep/2026:23:46:44 -0400] "POST /login HTTP/1.1" 200 - 153
0:0:0:0:0:0:0:1 - - [27/Sep/2026:23:46:44 -0400] "POST /cart/checkout HTTP/1.1" 200 - 66
0:0:0:0:0:0:0:1 - - [27/Sep/2026:23:46:45 -0400] "POST /cart?n=14 HTTP/1.1" 200 - 93
0:0:0:0:0:0:0:1 - - [27/Sep/2026:23:46:45 -0400] "POST /cart?n=2 HTTP/1.1" 200 - 98
0:0:0:0:0:0:0:1 - - [27/Sep/2026:23:46:45 -0400] "POST /cart?n=9 HTTP/1.1" 200 - 100
0:0:0:0:0:0:0:1 - - [27/Sep/2026:23:46:45 -0400] "POST /cart?n=15 HTTP/1.1" 200 - 102
0:0:0:0:0:0:0:1 - - [27/Sep/2026:23:46:45 -0400] "POST /cart?n=11 HTTP/1.1" 200 - 105
0:0:0:0:0:0:0:1 - - [27/Sep/2026:23:46:45 -0400] "POST /cart?n=5 HTTP/1.1" 200 - 107
0:0:0:0:0:0:0:1 - - [27/Sep/2026:23:46:45 -0400] "POST /cart?n=4 HTTP/1.1" 200 - 110
0:0:0:0:0:0:0:1 - - [27/Sep/2026:23:46:45 -0400] "POST /cart?n=1 HTTP/1.1" 200 - 113
0:0:0:0:0:0:0:1 - - [27/Sep/2026:23:46:45 -0400] "POST /cart?n=3 HTTP/1.1" 200 - 115
0:0:0:0:0:0:0:1 - - [27/Sep/2026:23:46:45 -0400] "POST /cart?n=20 HTTP/1.1" 200 - 116
0:0:0:0:0:0:0:1 - - [27/Sep/2026:23:46:45 -0400] "POST /cart?n=13 HTTP/1.1" 200 - 118
0:0:0:0:0:0:0:1 - - [27/Sep/2026:23:46:45 -0400] "POST /cart?n=7 HTTP/1.1" 200 - 122
0:0:0:0:0:0:0:1 - - [27/Sep/2026:23:46:45 -0400] "POST /cart?n=10 HTTP/1.1" 200 - 126
0:0:0:0:0:0:0:1 - - [27/Sep/2026:23:46:45 -0400] "POST /cart?n=17 HTTP/1.1" 200 - 126
0:0:0:0:0:0:0:1 - - [27/Sep/2026:23:46:45 -0400] "POST /cart?n=6 HTTP/1.1" 200 - 131
0:0:0:0:0:0:0:1 - - [27/Sep/2026:23:46:45 -0400] "POST /cart?n=23 HTTP/1.1" 200 - 30
0:0:0:0:0:0:0:1 - - [27/Sep/2026:23:46:45 -0400] "POST /cart?n=24 HTTP/1.1" 200 - 31
0:0:0:0:0:0:0:1 - - [27/Sep/2026:23:46:45 -0400] "POST /cart?n=25 HTTP/1.1" 200 - 30
0:0:0:0:0:0:0:1 - - [27/Sep/2026:23:46:45 -0400] "POST /cart?n=22 HTTP/1.1" 200 - 41
0:0:0:0:0:0:0:1 - - [27/Sep/2026:23:46:45 -0400] "POST /cart?n=27 HTTP/1.1" 200 - 30
0:0:0:0:0:0:0:1 - - [27/Sep/2026:23:46:45 -0400] "POST /cart?n=21 HTTP/1.1" 200 - 49
0:0:0:0:0:0:0:1 - - [27/Sep/2026:23:46:45 -0400] "POST /cart?n=8 HTTP/1.1" 200 - 147
0:0:0:0:0:0:0:1 - - [27/Sep/2026:23:46:45 -0400] "POST /cart?n=30 HTTP/1.1" 200 - 31
0:0:0:0:0:0:0:1 - - [27/Sep/2026:23:46:45 -0400] "POST /cart?n=16 HTTP/1.1" 200 - 152
0:0:0:0:0:0:0:1 - - [27/Sep/2026:23:46:45 -0400] "POST /cart?n=31 HTTP/1.1" 200 - 33
0:0:0:0:0:0:0:1 - - [27/Sep/2026:23:46:45 -0400] "POST /cart?n=32 HTTP/1.1" 200 - 33
0:0:0:0:0:0:0:1 - - [27/Sep/2026:23:46:45 -0400] "POST /cart?n=33 HTTP/1.1" 200 - 30
0:0:0:0:0:0:0:1 - - [27/Sep/2026:23:46:45 -0400] "POST /cart?n=29 HTTP/1.1" 200 - 45
0:0:0:0:0:0:0:1 - - [27/Sep/2026:23:46:45 -0400] "POST /cart?n=19 HTTP/1.1" 200 - 162
0:0:0:0:0:0:0:1 - - [27/Sep/2026:23:46:45 -0400] "POST /cart?n=28 HTTP/1.1" 200 - 53
0:0:0:0:0:0:0:1 - - [27/Sep/2026:23:46:45 -0400] "POST /cart?n=12 HTTP/1.1" 200 - 168
0:0:0:0:0:0:0:1 - - [27/Sep/2026:23:46:45 -0400] "POST /cart?n=34 HTTP/1.1" 200 - 41
0:0:0:0:0:0:0:1 - - [27/Sep/2026:23:46:45 -0400] "POST /cart?n=39 HTTP/1.1" 200 - 32
0:0:0:0:0:0:0:1 - - [27/Sep/2026:23:46:45 -0400] "POST /cart?n=26 HTTP/1.1" 200 - 67
0:0:0:0:0:0:0:1 - - [27/Sep/2026:23:46:45 -0400] "POST /cart?n=42 HTTP/1.1" 200 - 28
0:0:0:0:0:0:0:1 - - [27/Sep/2026:23:46:45 -0400] "POST /cart?n=38 HTTP/1.1" 200 - 40
0:0:0:0:0:0:0:1 - - [27/Sep/2026:23:46:45 -0400] "POST /cart?n=43 HTTP/1.1" 200 - 32
0:0:0:0:0:0:0:1 - - [27/Sep/2026:23:46:45 -0400] "POST /cart?n=45 HTTP/1.1" 200 - 32
0:0:0:0:0:0:0:1 - - [27/Sep/2026:23:46:45 -0400] "POST /cart?n=37 HTTP/1.1" 200 - 54
0:0:0:0:0:0:0:1 - - [27/Sep/2026:23:46:45 -0400] "POST /cart?n=47 HTTP/1.1" 200 - 36
0:0:0:0:0:0:0:1 - - [27/Sep/2026:23:46:45 -0400] "POST /cart?n=40 HTTP/1.1" 200 - 57
0:0:0:0:0:0:0:1 - - [27/Sep/2026:23:46:45 -0400] "POST /cart?n=36 HTTP/1.1" 200 - 67
0:0:0:0:0:0:0:1 - - [27/Sep/2026:23:46:45 -0400] "POST /cart?n=50 HTTP/1.1" 200 - 34
0:0:0:0:0:0:0:1 - - [27/Sep/2026:23:46:45 -0400] "POST /cart?n=48 HTTP/1.1" 200 - 44
0:0:0:0:0:0:0:1 - - [27/Sep/2026:23:46:45 -0400] "POST /cart?n=41 HTTP/1.1" 200 - 62
0:0:0:0:0:0:0:1 - - [27/Sep/2026:23:46:45 -0400] "POST /cart?n=46 HTTP/1.1" 200 - 52
0:0:0:0:0:0:0:1 - - [27/Sep/2026:23:46:45 -0400] "POST /cart?n=18 HTTP/1.1" 200 - 222
0:0:0:0:0:0:0:1 - - [27/Sep/2026:23:46:45 -0400] "POST /cart?n=44 HTTP/1.1" 200 - 71
0:0:0:0:0:0:0:1 - - [27/Sep/2026:23:46:45 -0400] "POST /cart?n=35 HTTP/1.1" 200 - 96
0:0:0:0:0:0:0:1 - - [27/Sep/2026:23:46:45 -0400] "POST /cart?n=49 HTTP/1.1" 200 - 66
0:0:0:0:0:0:0:1 - - [27/Sep/2026:23:46:46 -0400] "POST /login HTTP/1.1" 200 - 62
0:0:0:0:0:0:0:1 - - [27/Sep/2026:23:46:46 -0400] "POST /cart/checkout HTTP/1.1" 200 - 11
0:0:0:0:0:0:0:1 - - [27/Sep/2026:23:46:46 -0400] "POST /cart?n=6 HTTP/1.1" 200 - 10
0:0:0:0:0:0:0:1 - - [27/Sep/2026:23:46:46 -0400] "POST /cart?n=9 HTTP/1.1" 200 - 10
0:0:0:0:0:0:0:1 - - [27/Sep/2026:23:46:46 -0400] "POST /cart?n=3 HTTP/1.1" 200 - 14
0:0:0:0:0:0:0:1 - - [27/Sep/2026:23:46:46 -0400] "POST /cart?n=5 HTTP/1.1" 200 - 16
0:0:0:0:0:0:0:1 - - [27/Sep/2026:23:46:46 -0400] "POST /cart?n=12 HTTP/1.1" 200 - 13
0:0:0:0:0:0:0:1 - - [27/Sep/2026:23:46:46 -0400] "POST /cart?n=14 HTTP/1.1" 200 - 15
0:0:0:0:0:0:0:1 - - [27/Sep/2026:23:46:46 -0400] "POST /cart?n=11 HTTP/1.1" 200 - 19
0:0:0:0:0:0:0:1 - - [27/Sep/2026:23:46:46 -0400] "POST /cart?n=2 HTTP/1.1" 200 - 24
0:0:0:0:0:0:0:1 - - [27/Sep/2026:23:46:46 -0400] "POST /cart?n=8 HTTP/1.1" 200 - 26
0:0:0:0:0:0:0:1 - - [27/Sep/2026:23:46:46 -0400] "POST /cart?n=16 HTTP/1.1" 200 - 24
0:0:0:0:0:0:0:1 - - [27/Sep/2026:23:46:46 -0400] "POST /cart?n=19 HTTP/1.1" 200 - 26
0:0:0:0:0:0:0:1 - - [27/Sep/2026:23:46:46 -0400] "POST /cart?n=4 HTTP/1.1" 200 - 35
0:0:0:0:0:0:0:1 - - [27/Sep/2026:23:46:46 -0400] "POST /cart?n=20 HTTP/1.1" 200 - 30
0:0:0:0:0:0:0:1 - - [27/Sep/2026:23:46:46 -0400] "POST /cart?n=17 HTTP/1.1" 200 - 33
0:0:0:0:0:0:0:1 - - [27/Sep/2026:23:46:46 -0400] "POST /cart?n=18 HTTP/1.1" 200 - 35
0:0:0:0:0:0:0:1 - - [27/Sep/2026:23:46:46 -0400] "POST /cart?n=1 HTTP/1.1" 200 - 43
0:0:0:0:0:0:0:1 - - [27/Sep/2026:23:46:46 -0400] "POST /cart?n=23 HTTP/1.1" 200 - 29
0:0:0:0:0:0:0:1 - - [27/Sep/2026:23:46:46 -0400] "POST /cart?n=22 HTTP/1.1" 200 - 34
0:0:0:0:0:0:0:1 - - [27/Sep/2026:23:46:46 -0400] "POST /cart?n=24 HTTP/1.1" 200 - 32
0:0:0:0:0:0:0:1 - - [27/Sep/2026:23:46:46 -0400] "POST /cart?n=26 HTTP/1.1" 200 - 30
0:0:0:0:0:0:0:1 - - [27/Sep/2026:23:46:46 -0400] "POST /cart?n=28 HTTP/1.1" 200 - 28
0:0:0:0:0:0:0:1 - - [27/Sep/2026:23:46:46 -0400] "POST /cart?n=29 HTTP/1.1" 200 - 29
0:0:0:0:0:0:0:1 - - [27/Sep/2026:23:46:46 -0400] "POST /cart?n=27 HTTP/1.1" 200 - 36
0:0:0:0:0:0:0:1 - - [27/Sep/2026:23:46:46 -0400] "POST /cart?n=25 HTTP/1.1" 200 - 43
0:0:0:0:0:0:0:1 - - [27/Sep/2026:23:46:46 -0400] "POST /cart?n=21 HTTP/1.1" 200 - 51
0:0:0:0:0:0:0:1 - - [27/Sep/2026:23:46:46 -0400] "POST /cart?n=13 HTTP/1.1" 200 - 63
0:0:0:0:0:0:0:1 - - [27/Sep/2026:23:46:46 -0400] "POST /cart?n=34 HTTP/1.1" 200 - 29
0:0:0:0:0:0:0:1 - - [27/Sep/2026:23:46:46 -0400] "POST /cart?n=33 HTTP/1.1" 200 - 33
0:0:0:0:0:0:0:1 - - [27/Sep/2026:23:46:46 -0400] "POST /cart?n=36 HTTP/1.1" 200 - 29
0:0:0:0:0:0:0:1 - - [27/Sep/2026:23:46:46 -0400] "POST /cart?n=37 HTTP/1.1" 200 - 30
0:0:0:0:0:0:0:1 - - [27/Sep/2026:23:46:46 -0400] "POST /cart?n=30 HTTP/1.1" 200 - 48
0:0:0:0:0:0:0:1 - - [27/Sep/2026:23:46:46 -0400] "POST /cart?n=39 HTTP/1.1" 200 - 30
0:0:0:0:0:0:0:1 - - [27/Sep/2026:23:46:46 -0400] "POST /cart?n=7 HTTP/1.1" 200 - 84
0:0:0:0:0:0:0:1 - - [27/Sep/2026:23:46:46 -0400] "POST /cart?n=41 HTTP/1.1" 200 - 30
0:0:0:0:0:0:0:1 - - [27/Sep/2026:23:46:46 -0400] "POST /cart?n=42 HTTP/1.1" 200 - 29
0:0:0:0:0:0:0:1 - - [27/Sep/2026:23:46:46 -0400] "POST /cart?n=43 HTTP/1.1" 200 - 28
0:0:0:0:0:0:0:1 - - [27/Sep/2026:23:46:46 -0400] "POST /cart?n=35 HTTP/1.1" 200 - 49
0:0:0:0:0:0:0:1 - - [27/Sep/2026:23:46:46 -0400] "POST /cart?n=49 HTTP/1.1" 200 - 18
0:0:0:0:0:0:0:1 - - [27/Sep/2026:23:46:46 -0400] "POST /cart?n=38 HTTP/1.1" 200 - 47
0:0:0:0:0:0:0:1 - - [27/Sep/2026:23:46:46 -0400] "POST /cart?n=15 HTTP/1.1" 200 - 92
0:0:0:0:0:0:0:1 - - [27/Sep/2026:23:46:46 -0400] "POST /cart?n=48 HTTP/1.1" 200 - 25
0:0:0:0:0:0:0:1 - - [27/Sep/2026:23:46:46 -0400] "POST /cart?n=47 HTTP/1.1" 200 - 30
0:0:0:0:0:0:0:1 - - [27/Sep/2026:23:46:46 -0400] "POST /cart?n=46 HTTP/1.1" 200 - 34
0:0:0:0:0:0:0:1 - - [27/Sep/2026:23:46:46 -0400] "POST /cart?n=45 HTTP/1.1" 200 - 40
0:0:0:0:0:0:0:1 - - [27/Sep/2026:23:46:46 -0400] "POST /cart?n=32 HTTP/1.1" 200 - 72
0:0:0:0:0:0:0:1 - - [27/Sep/2026:23:46:46 -0400] "POST /cart?n=31 HTTP/1.1" 200 - 76
0:0:0:0:0:0:0:1 - - [27/Sep/2026:23:46:46 -0400] "POST /cart?n=10 HTTP/1.1" 200 - 108
0:0:0:0:0:0:0:1 - - [27/Sep/2026:23:46:46 -0400] "POST /cart?n=50 HTTP/1.1" 200 - 33
0:0:0:0:0:0:0:1 - - [27/Sep/2026:23:46:46 -0400] "POST /cart?n=40 HTTP/1.1" 200 - 62
0:0:0:0:0:0:0:1 - - [27/Sep/2026:23:46:46 -0400] "POST /cart?n=44 HTTP/1.1" 200 - 52
0:0:0:0:0:0:0:1 - - [27/Sep/2026:23:46:47 -0400] "POST /login HTTP/1.1" 200 - 65
0:0:0:0:0:0:0:1 - - [27/Sep/2026:23:46:47 -0400] "POST /cart/checkout HTTP/1.1" 200 - 7
0:0:0:0:0:0:0:1 - - [27/Sep/2026:23:46:47 -0400] "POST /cart?n=8 HTTP/1.1" 200 - 8
0:0:0:0:0:0:0:1 - - [27/Sep/2026:23:46:47 -0400] "POST /cart?n=4 HTTP/1.1" 200 - 10
0:0:0:0:0:0:0:1 - - [27/Sep/2026:23:46:47 -0400] "POST /cart?n=11 HTTP/1.1" 200 - 11
0:0:0:0:0:0:0:1 - - [27/Sep/2026:23:46:47 -0400] "POST /cart?n=3 HTTP/1.1" 200 - 15
0:0:0:0:0:0:0:1 - - [27/Sep/2026:23:46:47 -0400] "POST /cart?n=6 HTTP/1.1" 200 - 17
0:0:0:0:0:0:0:1 - - [27/Sep/2026:23:46:47 -0400] "POST /cart?n=12 HTTP/1.1" 200 - 17
0:0:0:0:0:0:0:1 - - [27/Sep/2026:23:46:47 -0400] "POST /cart?n=9 HTTP/1.1" 200 - 21
0:0:0:0:0:0:0:1 - - [27/Sep/2026:23:46:47 -0400] "POST /cart?n=16 HTTP/1.1" 200 - 20
0:0:0:0:0:0:0:1 - - [27/Sep/2026:23:46:47 -0400] "POST /cart?n=2 HTTP/1.1" 200 - 25
0:0:0:0:0:0:0:1 - - [27/Sep/2026:23:46:47 -0400] "POST /cart?n=1 HTTP/1.1" 200 - 28
0:0:0:0:0:0:0:1 - - [27/Sep/2026:23:46:47 -0400] "POST /cart?n=18 HTTP/1.1" 200 - 26
0:0:0:0:0:0:0:1 - - [27/Sep/2026:23:46:47 -0400] "POST /cart?n=14 HTTP/1.1" 200 - 30
0:0:0:0:0:0:0:1 - - [27/Sep/2026:23:46:47 -0400] "POST /cart?n=7 HTTP/1.1" 200 - 35
0:0:0:0:0:0:0:1 - - [27/Sep/2026:23:46:47 -0400] "POST /cart?n=20 HTTP/1.1" 200 - 35
0:0:0:0:0:0:0:1 - - [27/Sep/2026:23:46:47 -0400] "POST /cart?n=23 HTTP/1.1" 200 - 28
0:0:0:0:0:0:0:1 - - [27/Sep/2026:23:46:47 -0400] "POST /cart?n=24 HTTP/1.1" 200 - 27
0:0:0:0:0:0:0:1 - - [27/Sep/2026:23:46:47 -0400] "POST /cart?n=10 HTTP/1.1" 200 - 45
0:0:0:0:0:0:0:1 - - [27/Sep/2026:23:46:47 -0400] "POST /cart?n=25 HTTP/1.1" 200 - 30
0:0:0:0:0:0:0:1 - - [27/Sep/2026:23:46:47 -0400] "POST /cart?n=26 HTTP/1.1" 200 - 29
0:0:0:0:0:0:0:1 - - [27/Sep/2026:23:46:47 -0400] "POST /cart?n=19 HTTP/1.1" 200 - 50
0:0:0:0:0:0:0:1 - - [27/Sep/2026:23:46:47 -0400] "POST /cart?n=28 HTTP/1.1" 200 - 29
0:0:0:0:0:0:0:1 - - [27/Sep/2026:23:46:47 -0400] "POST /cart?n=22 HTTP/1.1" 200 - 46
0:0:0:0:0:0:0:1 - - [27/Sep/2026:23:46:47 -0400] "POST /cart?n=30 HTTP/1.1" 200 - 30
0:0:0:0:0:0:0:1 - - [27/Sep/2026:23:46:47 -0400] "POST /cart?n=21 HTTP/1.1" 200 - 52
0:0:0:0:0:0:0:1 - - [27/Sep/2026:23:46:47 -0400] "POST /cart?n=32 HTTP/1.1" 200 - 30
0:0:0:0:0:0:0:1 - - [27/Sep/2026:23:46:47 -0400] "POST /cart?n=34 HTTP/1.1" 200 - 26
0:0:0:0:0:0:0:1 - - [27/Sep/2026:23:46:47 -0400] "POST /cart?n=27 HTTP/1.1" 200 - 44
0:0:0:0:0:0:0:1 - - [27/Sep/2026:23:46:47 -0400] "POST /cart?n=36 HTTP/1.1" 200 - 24
0:0:0:0:0:0:0:1 - - [27/Sep/2026:23:46:47 -0400] "POST /cart?n=5 HTTP/1.1" 200 - 72
0:0:0:0:0:0:0:1 - - [27/Sep/2026:23:46:47 -0400] "POST /cart?n=38 HTTP/1.1" 200 - 24
0:0:0:0:0:0:0:1 - - [27/Sep/2026:23:46:47 -0400] "POST /cart?n=29 HTTP/1.1" 200 - 49
0:0:0:0:0:0:0:1 - - [27/Sep/2026:23:46:47 -0400] "POST /cart?n=39 HTTP/1.1" 200 - 26
0:0:0:0:0:0:0:1 - - [27/Sep/2026:23:46:47 -0400] "POST /cart?n=35 HTTP/1.1" 200 - 36
0:0:0:0:0:0:0:1 - - [27/Sep/2026:23:46:47 -0400] "POST /cart?n=41 HTTP/1.1" 200 - 25
0:0:0:0:0:0:0:1 - - [27/Sep/2026:23:46:47 -0400] "POST /cart?n=17 HTTP/1.1" 200 - 80
0:0:0:0:0:0:0:1 - - [27/Sep/2026:23:46:47 -0400] "POST /cart?n=44 HTTP/1.1" 200 - 21
0:0:0:0:0:0:0:1 - - [27/Sep/2026:23:46:47 -0400] "POST /cart?n=13 HTTP/1.1" 200 - 86
0:0:0:0:0:0:0:1 - - [27/Sep/2026:23:46:47 -0400] "POST /cart?n=46 HTTP/1.1" 200 - 21
0:0:0:0:0:0:0:1 - - [27/Sep/2026:23:46:47 -0400] "POST /cart?n=31 HTTP/1.1" 200 - 59
0:0:0:0:0:0:0:1 - - [27/Sep/2026:23:46:47 -0400] "POST /cart?n=48 HTTP/1.1" 200 - 22
0:0:0:0:0:0:0:1 - - [27/Sep/2026:23:46:47 -0400] "POST /cart?n=33 HTTP/1.1" 200 - 57
0:0:0:0:0:0:0:1 - - [27/Sep/2026:23:46:47 -0400] "POST /cart?n=40 HTTP/1.1" 200 - 42
0:0:0:0:0:0:0:1 - - [27/Sep/2026:23:46:47 -0400] "POST /cart?n=47 HTTP/1.1" 200 - 30
0:0:0:0:0:0:0:1 - - [27/Sep/2026:23:46:47 -0400] "POST /cart?n=50 HTTP/1.1" 200 - 26
0:0:0:0:0:0:0:1 - - [27/Sep/2026:23:46:47 -0400] "POST /cart?n=42 HTTP/1.1" 200 - 43
0:0:0:0:0:0:0:1 - - [27/Sep/2026:23:46:47 -0400] "POST /cart?n=43 HTTP/1.1" 200 - 43
0:0:0:0:0:0:0:1 - - [27/Sep/2026:23:46:47 -0400] "POST /cart?n=49 HTTP/1.1" 200 - 33
0:0:0:0:0:0:0:1 - - [27/Sep/2026:23:46:47 -0400] "POST /cart?n=15 HTTP/1.1" 200 - 105
0:0:0:0:0:0:0:1 - - [27/Sep/2026:23:46:47 -0400] "POST /cart?n=37 HTTP/1.1" 200 - 61
0:0:0:0:0:0:0:1 - - [27/Sep/2026:23:46:47 -0400] "POST /cart?n=45 HTTP/1.1" 200 - 44
0:0:0:0:0:0:0:1 - - [28/Sep/2026:17:48:37 -0400] "GET / HTTP/1.1" 200 644 112
0:0:0:0:0:0:0:1 - - [28/Sep/2026:17:48:37 -0400] "GET /manifest.json HTTP/1.1" 200 492 5
0:0:0:0:0:0:0:1 - - [28/Sep/2026:17:48:37 -0400] "GET /static/css/main.fddad1fb.css HTTP/1.1" 200 553330 15
0:0:0:0:0:0:0:1 - - [28/Sep/2026:17:48:37 -0400] "GET /static/js/main.b00e191f.js HTTP/1.1" 200 883410 24
0:0:0:0:0:0:0:1 - - [28/Sep/2026:17:48:38 -0400] "GET /me HTTP/1.1" 401 - 27
0:0:0:0:0:0:0:1 - - [28/Sep/2026:17:48:38 -0400] "GET /logo192.png HTTP/1.1" 200 5347 4
0:0:0:0:0:0:0:1 - - [28/Sep/2026:17:48:42 -0400] "POST /login HTTP/1.1" 200 - 207
0:0:0:0:0:0:0:1 - - [28/Sep/2026:17:48:42 -0400] "GET /me HTTP/1.1" 200 117 98
0:0:0:0:0:0:0:1 - - [28/Sep/2026:17:48:42 -0400] "GET /merchant/orders/active HTTP/1.1" 200 1439 217
0:0:0:0:0:0:0:1 - - [28/Sep/2026:17:48:57 -0400] "GET /merchant/orders/active HTTP/1.1" 200 1439 120
0:0:0:0:0:0:0:1 - - [28/Sep/2026:17:48:57 -0400] "GET /merchant/orders/active HTTP/1.1" 200 1439 132
0:0:0:0:0:0:0:1 - - [28/Sep/2026:17:49:12 -0400] "GET /merchant/orders/active HTTP/1.1" 200 1439 119
0:0:0:0:0:0:0:1 - - [28/Sep/2026:17:49:20 -0400] "GET /merchant/orders/search?page=1&size=20&date=2025-08-01 HTTP/1.1" 200 40 91
0:0:0:0:0:0:0:1 - - [28/Sep/2026:17:49:27 -0400] "GET /merchant/orders/active HTTP/1.1" 200 1439 114
0:0:0:0:0:0:0:1 - - [28/Sep/2026:17:49:37 -0400] "GET /merchant/orders/search?page=1&size=20&date=2026-09-26 HTTP/1.1" 200 4833 173
0:0:0:0:0:0:0:1 - - [28/Sep/2026:17:49:42 -0400] "GET /merchant/orders/active HTTP/1.1" 200 1439 117
0:0:0:0:0:0:0:1 - - [28/Sep/2026:17:49:49 -0400] "GET /merchant/orders/search?page=1&size=20&date=2026-09-25 HTTP/1.1" 200 5131 194
0:0:0:0:0:0:0:1 - - [28/Sep/2026:17:49:57 -0400] "GET /merchant/orders/active HTTP/1.1" 200 1439 122
